
AVRASM ver. 2.1.30  C:\Users\ferre\Desktop\projetoFinal\parte4 - combustivel - dab\Debug\List\Combustivel.asm Wed Aug 25 13:28:06 2021

C:\Users\ferre\Desktop\projetoFinal\parte4 - combustivel - dab\Debug\List\Combustivel.asm(1414): warning: Register r4 already defined by the .DEF directive
C:\Users\ferre\Desktop\projetoFinal\parte4 - combustivel - dab\Debug\List\Combustivel.asm(1415): warning: Register r5 already defined by the .DEF directive
C:\Users\ferre\Desktop\projetoFinal\parte4 - combustivel - dab\Debug\List\Combustivel.asm(1416): warning: Register r6 already defined by the .DEF directive
C:\Users\ferre\Desktop\projetoFinal\parte4 - combustivel - dab\Debug\List\Combustivel.asm(1417): warning: Register r7 already defined by the .DEF directive
                 
                 
                 ;CodeVisionAVR C Compiler V3.45 
                 ;(C) Copyright 1998-2021 Pavel Haiduc, HP InfoTech S.R.L.
                 ;http://www.hpinfotech.ro
                 
                 ;Build configuration    : Debug
                 ;Chip type              : ATmega32
                 ;Program type           : Application
                 ;Clock frequency        : 8.000000 MHz
                 ;Memory model           : Small
                 ;Optimize for           : Size
                 ;(s)printf features     : int, width
                 ;(s)scanf features      : int, width
                 ;External RAM size      : 0
                 ;Data Stack size        : 512 byte(s)
                 ;Heap size              : 0 byte(s)
                 ;Promote 'char' to 'int': Yes
                 ;'char' is unsigned     : Yes
                 ;8 bit enums            : Yes
                 ;Global 'const' stored in FLASH: No
                 ;Enhanced function parameter passing: Mode 2
                 ;Enhanced core instructions: On
                 ;Automatic register allocation for global variables: On
                 ;Smart register allocation: On
                 
                 	#define _MODEL_SMALL_
                 
                 	#pragma AVRPART ADMIN PART_NAME ATmega32
                 	#pragma AVRPART MEMORY PROG_FLASH 32768
                 	#pragma AVRPART MEMORY EEPROM 1024
                 	#pragma AVRPART MEMORY INT_SRAM SIZE 2048
                 	#pragma AVRPART MEMORY INT_SRAM START_ADDR 0x60
                 
                 	#define CALL_SUPPORTED 1
                 
                 	.LISTMAC
                 	.EQU UDRE=0x5
                 	.EQU RXC=0x7
                 	.EQU USR=0xB
                 	.EQU UDR=0xC
                 	.EQU SPSR=0xE
                 	.EQU SPDR=0xF
                 	.EQU EERE=0x0
                 	.EQU EEWE=0x1
                 	.EQU EEMWE=0x2
                 	.EQU EECR=0x1C
                 	.EQU EEDR=0x1D
                 	.EQU EEARL=0x1E
                 	.EQU EEARH=0x1F
                 	.EQU WDTCR=0x21
                 	.EQU MCUCR=0x35
                 	.EQU GICR=0x3B
                 	.EQU SPL=0x3D
                 	.EQU SPH=0x3E
                 	.EQU SREG=0x3F
                 
                 	.DEF R0X0=R0
                 	.DEF R0X1=R1
                 	.DEF R0X2=R2
                 	.DEF R0X3=R3
                 	.DEF R0X4=R4
                 	.DEF R0X5=R5
                 	.DEF R0X6=R6
                 	.DEF R0X7=R7
                 	.DEF R0X8=R8
                 	.DEF R0X9=R9
                 	.DEF R0XA=R10
                 	.DEF R0XB=R11
                 	.DEF R0XC=R12
                 	.DEF R0XD=R13
                 	.DEF R0XE=R14
                 	.DEF R0XF=R15
                 	.DEF R0X10=R16
                 	.DEF R0X11=R17
                 	.DEF R0X12=R18
                 	.DEF R0X13=R19
                 	.DEF R0X14=R20
                 	.DEF R0X15=R21
                 	.DEF R0X16=R22
                 	.DEF R0X17=R23
                 	.DEF R0X18=R24
                 	.DEF R0X19=R25
                 	.DEF R0X1A=R26
                 	.DEF R0X1B=R27
                 	.DEF R0X1C=R28
                 	.DEF R0X1D=R29
                 	.DEF R0X1E=R30
                 	.DEF R0X1F=R31
                 
                 	.EQU __SRAM_START=0x0060
                 	.EQU __SRAM_END=0x085F
                 	.EQU __DSTACK_SIZE=0x0200
                 	.EQU __HEAP_SIZE=0x0000
                 	.EQU __CLEAR_SRAM_SIZE=__SRAM_END-__SRAM_START+1
                 
                 	.MACRO __CPD1N
                 	CPI  R30,LOW(@0)
                 	LDI  R26,HIGH(@0)
                 	CPC  R31,R26
                 	LDI  R26,BYTE3(@0)
                 	CPC  R22,R26
                 	LDI  R26,BYTE4(@0)
                 	CPC  R23,R26
                 	.ENDM
                 
                 	.MACRO __CPD2N
                 	CPI  R26,LOW(@0)
                 	LDI  R30,HIGH(@0)
                 	CPC  R27,R30
                 	LDI  R30,BYTE3(@0)
                 	CPC  R24,R30
                 	LDI  R30,BYTE4(@0)
                 	CPC  R25,R30
                 	.ENDM
                 
                 	.MACRO __CPWRR
                 	CP   R@0,R@2
                 	CPC  R@1,R@3
                 	.ENDM
                 
                 	.MACRO __CPWRN
                 	CPI  R@0,LOW(@2)
                 	LDI  R30,HIGH(@2)
                 	CPC  R@1,R30
                 	.ENDM
                 
                 	.MACRO __ADDB1MN
                 	SUBI R30,LOW(-@0-(@1))
                 	.ENDM
                 
                 	.MACRO __ADDB2MN
                 	SUBI R26,LOW(-@0-(@1))
                 	.ENDM
                 
                 	.MACRO __ADDW1MN
                 	SUBI R30,LOW(-@0-(@1))
                 	SBCI R31,HIGH(-@0-(@1))
                 	.ENDM
                 
                 	.MACRO __ADDW2MN
                 	SUBI R26,LOW(-@0-(@1))
                 	SBCI R27,HIGH(-@0-(@1))
                 	.ENDM
                 
                 	.MACRO __ADDW1FN
                 	SUBI R30,LOW(-2*@0-(@1))
                 	SBCI R31,HIGH(-2*@0-(@1))
                 	.ENDM
                 
                 	.MACRO __ADDD1FN
                 	SUBI R30,LOW(-2*@0-(@1))
                 	SBCI R31,HIGH(-2*@0-(@1))
                 	SBCI R22,BYTE3(-2*@0-(@1))
                 	.ENDM
                 
                 	.MACRO __ADDD1N
                 	SUBI R30,LOW(-@0)
                 	SBCI R31,HIGH(-@0)
                 	SBCI R22,BYTE3(-@0)
                 	SBCI R23,BYTE4(-@0)
                 	.ENDM
                 
                 	.MACRO __ADDD2N
                 	SUBI R26,LOW(-@0)
                 	SBCI R27,HIGH(-@0)
                 	SBCI R24,BYTE3(-@0)
                 	SBCI R25,BYTE4(-@0)
                 	.ENDM
                 
                 	.MACRO __SUBD1N
                 	SUBI R30,LOW(@0)
                 	SBCI R31,HIGH(@0)
                 	SBCI R22,BYTE3(@0)
                 	SBCI R23,BYTE4(@0)
                 	.ENDM
                 
                 	.MACRO __SUBD2N
                 	SUBI R26,LOW(@0)
                 	SBCI R27,HIGH(@0)
                 	SBCI R24,BYTE3(@0)
                 	SBCI R25,BYTE4(@0)
                 	.ENDM
                 
                 	.MACRO __ANDBMNN
                 	LDS  R30,@0+(@1)
                 	ANDI R30,LOW(@2)
                 	STS  @0+(@1),R30
                 	.ENDM
                 
                 	.MACRO __ANDWMNN
                 	LDS  R30,@0+(@1)
                 	ANDI R30,LOW(@2)
                 	STS  @0+(@1),R30
                 	LDS  R30,@0+(@1)+1
                 	ANDI R30,HIGH(@2)
                 	STS  @0+(@1)+1,R30
                 	.ENDM
                 
                 	.MACRO __ANDD1N
                 	ANDI R30,LOW(@0)
                 	ANDI R31,HIGH(@0)
                 	ANDI R22,BYTE3(@0)
                 	ANDI R23,BYTE4(@0)
                 	.ENDM
                 
                 	.MACRO __ANDD2N
                 	ANDI R26,LOW(@0)
                 	ANDI R27,HIGH(@0)
                 	ANDI R24,BYTE3(@0)
                 	ANDI R25,BYTE4(@0)
                 	.ENDM
                 
                 	.MACRO __ORBMNN
                 	LDS  R30,@0+(@1)
                 	ORI  R30,LOW(@2)
                 	STS  @0+(@1),R30
                 	.ENDM
                 
                 	.MACRO __ORWMNN
                 	LDS  R30,@0+(@1)
                 	ORI  R30,LOW(@2)
                 	STS  @0+(@1),R30
                 	LDS  R30,@0+(@1)+1
                 	ORI  R30,HIGH(@2)
                 	STS  @0+(@1)+1,R30
                 	.ENDM
                 
                 	.MACRO __ORD1N
                 	ORI  R30,LOW(@0)
                 	ORI  R31,HIGH(@0)
                 	ORI  R22,BYTE3(@0)
                 	ORI  R23,BYTE4(@0)
                 	.ENDM
                 
                 	.MACRO __ORD2N
                 	ORI  R26,LOW(@0)
                 	ORI  R27,HIGH(@0)
                 	ORI  R24,BYTE3(@0)
                 	ORI  R25,BYTE4(@0)
                 	.ENDM
                 
                 	.MACRO __DELAY_USB
                 	LDI  R24,LOW(@0)
                 __DELAY_USB_LOOP:
                 	DEC  R24
                 	BRNE __DELAY_USB_LOOP
                 	.ENDM
                 
                 	.MACRO __DELAY_USW
                 	LDI  R24,LOW(@0)
                 	LDI  R25,HIGH(@0)
                 __DELAY_USW_LOOP:
                 	SBIW R24,1
                 	BRNE __DELAY_USW_LOOP
                 	.ENDM
                 
                 	.MACRO __GETW1P
                 	LD   R30,X+
                 	LD   R31,X
                 	SBIW R26,1
                 	.ENDM
                 
                 	.MACRO __GETD1S
                 	LDD  R30,Y+@0
                 	LDD  R31,Y+@0+1
                 	LDD  R22,Y+@0+2
                 	LDD  R23,Y+@0+3
                 	.ENDM
                 
                 	.MACRO __GETD2S
                 	LDD  R26,Y+@0
                 	LDD  R27,Y+@0+1
                 	LDD  R24,Y+@0+2
                 	LDD  R25,Y+@0+3
                 	.ENDM
                 
                 	.MACRO __GETD1P_INC
                 	LD   R30,X+
                 	LD   R31,X+
                 	LD   R22,X+
                 	LD   R23,X+
                 	.ENDM
                 
                 	.MACRO __GETD1P_DEC
                 	LD   R23,-X
                 	LD   R22,-X
                 	LD   R31,-X
                 	LD   R30,-X
                 	.ENDM
                 
                 	.MACRO __PUTDP1
                 	ST   X+,R30
                 	ST   X+,R31
                 	ST   X+,R22
                 	ST   X,R23
                 	.ENDM
                 
                 	.MACRO __PUTDP1_DEC
                 	ST   -X,R23
                 	ST   -X,R22
                 	ST   -X,R31
                 	ST   -X,R30
                 	.ENDM
                 
                 	.MACRO __PUTD1S
                 	STD  Y+@0,R30
                 	STD  Y+@0+1,R31
                 	STD  Y+@0+2,R22
                 	STD  Y+@0+3,R23
                 	.ENDM
                 
                 	.MACRO __PUTD2S
                 	STD  Y+@0,R26
                 	STD  Y+@0+1,R27
                 	STD  Y+@0+2,R24
                 	STD  Y+@0+3,R25
                 	.ENDM
                 
                 	.MACRO __PUTDZ2
                 	STD  Z+@0,R26
                 	STD  Z+@0+1,R27
                 	STD  Z+@0+2,R24
                 	STD  Z+@0+3,R25
                 	.ENDM
                 
                 	.MACRO __CLRD1S
                 	STD  Y+@0,R30
                 	STD  Y+@0+1,R30
                 	STD  Y+@0+2,R30
                 	STD  Y+@0+3,R30
                 	.ENDM
                 
                 	.MACRO __CPD10
                 	SBIW R30,0
                 	SBCI R22,0
                 	SBCI R23,0
                 	.ENDM
                 
                 	.MACRO __CPD20
                 	SBIW R26,0
                 	SBCI R24,0
                 	SBCI R25,0
                 	.ENDM
                 
                 	.MACRO __ADDD12
                 	ADD  R30,R26
                 	ADC  R31,R27
                 	ADC  R22,R24
                 	ADC  R23,R25
                 	.ENDM
                 
                 	.MACRO __ADDD21
                 	ADD  R26,R30
                 	ADC  R27,R31
                 	ADC  R24,R22
                 	ADC  R25,R23
                 	.ENDM
                 
                 	.MACRO __SUBD12
                 	SUB  R30,R26
                 	SBC  R31,R27
                 	SBC  R22,R24
                 	SBC  R23,R25
                 	.ENDM
                 
                 	.MACRO __SUBD21
                 	SUB  R26,R30
                 	SBC  R27,R31
                 	SBC  R24,R22
                 	SBC  R25,R23
                 	.ENDM
                 
                 	.MACRO __ANDD12
                 	AND  R30,R26
                 	AND  R31,R27
                 	AND  R22,R24
                 	AND  R23,R25
                 	.ENDM
                 
                 	.MACRO __ORD12
                 	OR   R30,R26
                 	OR   R31,R27
                 	OR   R22,R24
                 	OR   R23,R25
                 	.ENDM
                 
                 	.MACRO __XORD12
                 	EOR  R30,R26
                 	EOR  R31,R27
                 	EOR  R22,R24
                 	EOR  R23,R25
                 	.ENDM
                 
                 	.MACRO __XORD21
                 	EOR  R26,R30
                 	EOR  R27,R31
                 	EOR  R24,R22
                 	EOR  R25,R23
                 	.ENDM
                 
                 	.MACRO __COMD1
                 	COM  R30
                 	COM  R31
                 	COM  R22
                 	COM  R23
                 	.ENDM
                 
                 	.MACRO __MULD2_2
                 	LSL  R26
                 	ROL  R27
                 	ROL  R24
                 	ROL  R25
                 	.ENDM
                 
                 	.MACRO __LSRD1
                 	LSR  R23
                 	ROR  R22
                 	ROR  R31
                 	ROR  R30
                 	.ENDM
                 
                 	.MACRO __LSLD1
                 	LSL  R30
                 	ROL  R31
                 	ROL  R22
                 	ROL  R23
                 	.ENDM
                 
                 	.MACRO __ASRB4
                 	ASR  R30
                 	ASR  R30
                 	ASR  R30
                 	ASR  R30
                 	.ENDM
                 
                 	.MACRO __ASRW8
                 	MOV  R30,R31
                 	CLR  R31
                 	SBRC R30,7
                 	SER  R31
                 	.ENDM
                 
                 	.MACRO __LSRD16
                 	MOV  R30,R22
                 	MOV  R31,R23
                 	LDI  R22,0
                 	LDI  R23,0
                 	.ENDM
                 
                 	.MACRO __LSLD16
                 	MOV  R22,R30
                 	MOV  R23,R31
                 	LDI  R30,0
                 	LDI  R31,0
                 	.ENDM
                 
                 	.MACRO __CWD1
                 	MOV  R22,R31
                 	ADD  R22,R22
                 	SBC  R22,R22
                 	MOV  R23,R22
                 	.ENDM
                 
                 	.MACRO __CWD2
                 	MOV  R24,R27
                 	ADD  R24,R24
                 	SBC  R24,R24
                 	MOV  R25,R24
                 	.ENDM
                 
                 	.MACRO __SETMSD1
                 	SER  R31
                 	SER  R22
                 	SER  R23
                 	.ENDM
                 
                 	.MACRO __ADDW1R15
                 	CLR  R0
                 	ADD  R30,R15
                 	ADC  R31,R0
                 	.ENDM
                 
                 	.MACRO __ADDW2R15
                 	CLR  R0
                 	ADD  R26,R15
                 	ADC  R27,R0
                 	.ENDM
                 
                 	.MACRO __EQB12
                 	CP   R30,R26
                 	LDI  R30,1
                 	BREQ PC+2
                 	CLR  R30
                 	.ENDM
                 
                 	.MACRO __NEB12
                 	CP   R30,R26
                 	LDI  R30,1
                 	BRNE PC+2
                 	CLR  R30
                 	.ENDM
                 
                 	.MACRO __LEB12
                 	CP   R30,R26
                 	LDI  R30,1
                 	BRGE PC+2
                 	CLR  R30
                 	.ENDM
                 
                 	.MACRO __GEB12
                 	CP   R26,R30
                 	LDI  R30,1
                 	BRGE PC+2
                 	CLR  R30
                 	.ENDM
                 
                 	.MACRO __LTB12
                 	CP   R26,R30
                 	LDI  R30,1
                 	BRLT PC+2
                 	CLR  R30
                 	.ENDM
                 
                 	.MACRO __GTB12
                 	CP   R30,R26
                 	LDI  R30,1
                 	BRLT PC+2
                 	CLR  R30
                 	.ENDM
                 
                 	.MACRO __LEB12U
                 	CP   R30,R26
                 	LDI  R30,1
                 	BRSH PC+2
                 	CLR  R30
                 	.ENDM
                 
                 	.MACRO __GEB12U
                 	CP   R26,R30
                 	LDI  R30,1
                 	BRSH PC+2
                 	CLR  R30
                 	.ENDM
                 
                 	.MACRO __LTB12U
                 	CP   R26,R30
                 	LDI  R30,1
                 	BRLO PC+2
                 	CLR  R30
                 	.ENDM
                 
                 	.MACRO __GTB12U
                 	CP   R30,R26
                 	LDI  R30,1
                 	BRLO PC+2
                 	CLR  R30
                 	.ENDM
                 
                 	.MACRO __CPW01
                 	CLR  R0
                 	CP   R0,R30
                 	CPC  R0,R31
                 	.ENDM
                 
                 	.MACRO __CPW02
                 	CLR  R0
                 	CP   R0,R26
                 	CPC  R0,R27
                 	.ENDM
                 
                 	.MACRO __CPD12
                 	CP   R30,R26
                 	CPC  R31,R27
                 	CPC  R22,R24
                 	CPC  R23,R25
                 	.ENDM
                 
                 	.MACRO __CPD21
                 	CP   R26,R30
                 	CPC  R27,R31
                 	CPC  R24,R22
                 	CPC  R25,R23
                 	.ENDM
                 
                 	.MACRO __BSTB1
                 	CLT
                 	TST  R30
                 	BREQ PC+2
                 	SET
                 	.ENDM
                 
                 	.MACRO __LNEGB1
                 	TST  R30
                 	LDI  R30,1
                 	BREQ PC+2
                 	CLR  R30
                 	.ENDM
                 
                 	.MACRO __LNEGW1
                 	OR   R30,R31
                 	LDI  R30,1
                 	BREQ PC+2
                 	LDI  R30,0
                 	.ENDM
                 
                 	.MACRO __POINTB1MN
                 	LDI  R30,LOW(@0+(@1))
                 	.ENDM
                 
                 	.MACRO __POINTW1MN
                 	LDI  R30,LOW(@0+(@1))
                 	LDI  R31,HIGH(@0+(@1))
                 	.ENDM
                 
                 	.MACRO __POINTD1M
                 	LDI  R30,LOW(@0)
                 	LDI  R31,HIGH(@0)
                 	LDI  R22,BYTE3(@0)
                 	LDI  R23,BYTE4(@0)
                 	.ENDM
                 
                 	.MACRO __POINTW1FN
                 	LDI  R30,LOW(2*@0+(@1))
                 	LDI  R31,HIGH(2*@0+(@1))
                 	.ENDM
                 
                 	.MACRO __POINTD1FN
                 	LDI  R30,LOW(2*@0+(@1))
                 	LDI  R31,HIGH(2*@0+(@1))
                 	LDI  R22,BYTE3(2*@0+(@1))
                 	LDI  R23,BYTE4(2*@0+(@1))
                 	.ENDM
                 
                 	.MACRO __POINTB2MN
                 	LDI  R26,LOW(@0+(@1))
                 	.ENDM
                 
                 	.MACRO __POINTW2MN
                 	LDI  R26,LOW(@0+(@1))
                 	LDI  R27,HIGH(@0+(@1))
                 	.ENDM
                 
                 	.MACRO __POINTD2M
                 	LDI  R26,LOW(@0)
                 	LDI  R27,HIGH(@0)
                 	LDI  R24,BYTE3(@0)
                 	LDI  R25,BYTE4(@0)
                 	.ENDM
                 
                 	.MACRO __POINTW2FN
                 	LDI  R26,LOW(2*@0+(@1))
                 	LDI  R27,HIGH(2*@0+(@1))
                 	.ENDM
                 
                 	.MACRO __POINTD2FN
                 	LDI  R26,LOW(2*@0+(@1))
                 	LDI  R27,HIGH(2*@0+(@1))
                 	LDI  R24,BYTE3(2*@0+(@1))
                 	LDI  R25,BYTE4(2*@0+(@1))
                 	.ENDM
                 
                 	.MACRO __POINTBRM
                 	LDI  R@0,LOW(@1)
                 	.ENDM
                 
                 	.MACRO __POINTWRM
                 	LDI  R@0,LOW(@2)
                 	LDI  R@1,HIGH(@2)
                 	.ENDM
                 
                 	.MACRO __POINTBRMN
                 	LDI  R@0,LOW(@1+(@2))
                 	.ENDM
                 
                 	.MACRO __POINTWRMN
                 	LDI  R@0,LOW(@2+(@3))
                 	LDI  R@1,HIGH(@2+(@3))
                 	.ENDM
                 
                 	.MACRO __POINTWRFN
                 	LDI  R@0,LOW(@2*2+(@3))
                 	LDI  R@1,HIGH(@2*2+(@3))
                 	.ENDM
                 
                 	.MACRO __GETD1N
                 	LDI  R30,LOW(@0)
                 	LDI  R31,HIGH(@0)
                 	LDI  R22,BYTE3(@0)
                 	LDI  R23,BYTE4(@0)
                 	.ENDM
                 
                 	.MACRO __GETD2N
                 	LDI  R26,LOW(@0)
                 	LDI  R27,HIGH(@0)
                 	LDI  R24,BYTE3(@0)
                 	LDI  R25,BYTE4(@0)
                 	.ENDM
                 
                 	.MACRO __GETB1MN
                 	LDS  R30,@0+(@1)
                 	.ENDM
                 
                 	.MACRO __GETB1HMN
                 	LDS  R31,@0+(@1)
                 	.ENDM
                 
                 	.MACRO __GETW1MN
                 	LDS  R30,@0+(@1)
                 	LDS  R31,@0+(@1)+1
                 	.ENDM
                 
                 	.MACRO __GETD1MN
                 	LDS  R30,@0+(@1)
                 	LDS  R31,@0+(@1)+1
                 	LDS  R22,@0+(@1)+2
                 	LDS  R23,@0+(@1)+3
                 	.ENDM
                 
                 	.MACRO __GETBRMN
                 	LDS  R@0,@1+(@2)
                 	.ENDM
                 
                 	.MACRO __GETWRMN
                 	LDS  R@0,@2+(@3)
                 	LDS  R@1,@2+(@3)+1
                 	.ENDM
                 
                 	.MACRO __GETWRZ
                 	LDD  R@0,Z+@2
                 	LDD  R@1,Z+@2+1
                 	.ENDM
                 
                 	.MACRO __GETD2Z
                 	LDD  R26,Z+@0
                 	LDD  R27,Z+@0+1
                 	LDD  R24,Z+@0+2
                 	LDD  R25,Z+@0+3
                 	.ENDM
                 
                 	.MACRO __GETB2MN
                 	LDS  R26,@0+(@1)
                 	.ENDM
                 
                 	.MACRO __GETW2MN
                 	LDS  R26,@0+(@1)
                 	LDS  R27,@0+(@1)+1
                 	.ENDM
                 
                 	.MACRO __GETD2MN
                 	LDS  R26,@0+(@1)
                 	LDS  R27,@0+(@1)+1
                 	LDS  R24,@0+(@1)+2
                 	LDS  R25,@0+(@1)+3
                 	.ENDM
                 
                 	.MACRO __PUTB1MN
                 	STS  @0+(@1),R30
                 	.ENDM
                 
                 	.MACRO __PUTW1MN
                 	STS  @0+(@1),R30
                 	STS  @0+(@1)+1,R31
                 	.ENDM
                 
                 	.MACRO __PUTD1MN
                 	STS  @0+(@1),R30
                 	STS  @0+(@1)+1,R31
                 	STS  @0+(@1)+2,R22
                 	STS  @0+(@1)+3,R23
                 	.ENDM
                 
                 	.MACRO __PUTB1EN
                 	LDI  R26,LOW(@0+(@1))
                 	LDI  R27,HIGH(@0+(@1))
                 	CALL __EEPROMWRB
                 	.ENDM
                 
                 	.MACRO __PUTW1EN
                 	LDI  R26,LOW(@0+(@1))
                 	LDI  R27,HIGH(@0+(@1))
                 	CALL __EEPROMWRW
                 	.ENDM
                 
                 	.MACRO __PUTD1EN
                 	LDI  R26,LOW(@0+(@1))
                 	LDI  R27,HIGH(@0+(@1))
                 	CALL __EEPROMWRD
                 	.ENDM
                 
                 	.MACRO __PUTBR0MN
                 	STS  @0+(@1),R0
                 	.ENDM
                 
                 	.MACRO __PUTBMRN
                 	STS  @0+(@1),R@2
                 	.ENDM
                 
                 	.MACRO __PUTWMRN
                 	STS  @0+(@1),R@2
                 	STS  @0+(@1)+1,R@3
                 	.ENDM
                 
                 	.MACRO __PUTBZR
                 	STD  Z+@1,R@0
                 	.ENDM
                 
                 	.MACRO __PUTWZR
                 	STD  Z+@2,R@0
                 	STD  Z+@2+1,R@1
                 	.ENDM
                 
                 	.MACRO __GETW1R
                 	MOV  R30,R@0
                 	MOV  R31,R@1
                 	.ENDM
                 
                 	.MACRO __GETW2R
                 	MOV  R26,R@0
                 	MOV  R27,R@1
                 	.ENDM
                 
                 	.MACRO __GETWRN
                 	LDI  R@0,LOW(@2)
                 	LDI  R@1,HIGH(@2)
                 	.ENDM
                 
                 	.MACRO __PUTW1R
                 	MOV  R@0,R30
                 	MOV  R@1,R31
                 	.ENDM
                 
                 	.MACRO __PUTW2R
                 	MOV  R@0,R26
                 	MOV  R@1,R27
                 	.ENDM
                 
                 	.MACRO __ADDWRN
                 	SUBI R@0,LOW(-@2)
                 	SBCI R@1,HIGH(-@2)
                 	.ENDM
                 
                 	.MACRO __ADDWRR
                 	ADD  R@0,R@2
                 	ADC  R@1,R@3
                 	.ENDM
                 
                 	.MACRO __SUBWRN
                 	SUBI R@0,LOW(@2)
                 	SBCI R@1,HIGH(@2)
                 	.ENDM
                 
                 	.MACRO __SUBWRR
                 	SUB  R@0,R@2
                 	SBC  R@1,R@3
                 	.ENDM
                 
                 	.MACRO __ANDWRN
                 	ANDI R@0,LOW(@2)
                 	ANDI R@1,HIGH(@2)
                 	.ENDM
                 
                 	.MACRO __ANDWRR
                 	AND  R@0,R@2
                 	AND  R@1,R@3
                 	.ENDM
                 
                 	.MACRO __ORWRN
                 	ORI  R@0,LOW(@2)
                 	ORI  R@1,HIGH(@2)
                 	.ENDM
                 
                 	.MACRO __ORWRR
                 	OR   R@0,R@2
                 	OR   R@1,R@3
                 	.ENDM
                 
                 	.MACRO __EORWRR
                 	EOR  R@0,R@2
                 	EOR  R@1,R@3
                 	.ENDM
                 
                 	.MACRO __GETWRS
                 	LDD  R@0,Y+@2
                 	LDD  R@1,Y+@2+1
                 	.ENDM
                 
                 	.MACRO __PUTBSR
                 	STD  Y+@1,R@0
                 	.ENDM
                 
                 	.MACRO __PUTWSR
                 	STD  Y+@2,R@0
                 	STD  Y+@2+1,R@1
                 	.ENDM
                 
                 	.MACRO __MOVEWRR
                 	MOV  R@0,R@2
                 	MOV  R@1,R@3
                 	.ENDM
                 
                 	.MACRO __INWR
                 	IN   R@0,@2
                 	IN   R@1,@2+1
                 	.ENDM
                 
                 	.MACRO __OUTWR
                 	OUT  @2+1,R@1
                 	OUT  @2,R@0
                 	.ENDM
                 
                 	.MACRO __CALL1MN
                 	LDS  R30,@0+(@1)
                 	LDS  R31,@0+(@1)+1
                 	ICALL
                 	.ENDM
                 
                 	.MACRO __CALL1FN
                 	LDI  R30,LOW(2*@0+(@1))
                 	LDI  R31,HIGH(2*@0+(@1))
                 	CALL __GETW1PF
                 	ICALL
                 	.ENDM
                 
                 	.MACRO __CALL2EN
                 	PUSH R26
                 	PUSH R27
                 	LDI  R26,LOW(@0+(@1))
                 	LDI  R27,HIGH(@0+(@1))
                 	CALL __EEPROMRDW
                 	POP  R27
                 	POP  R26
                 	ICALL
                 	.ENDM
                 
                 	.MACRO __CALL2EX
                 	SUBI R26,LOW(-@0)
                 	SBCI R27,HIGH(-@0)
                 	CALL __EEPROMRDD
                 	ICALL
                 	.ENDM
                 
                 	.MACRO __GETW1STACK
                 	IN   R30,SPL
                 	IN   R31,SPH
                 	ADIW R30,@0+1
                 	LD   R0,Z+
                 	LD   R31,Z
                 	MOV  R30,R0
                 	.ENDM
                 
                 	.MACRO __GETD1STACK
                 	IN   R30,SPL
                 	IN   R31,SPH
                 	ADIW R30,@0+1
                 	LD   R0,Z+
                 	LD   R1,Z+
                 	LD   R22,Z
                 	MOVW R30,R0
                 	.ENDM
                 
                 	.MACRO __NBST
                 	BST  R@0,@1
                 	IN   R30,SREG
                 	LDI  R31,0x40
                 	EOR  R30,R31
                 	OUT  SREG,R30
                 	.ENDM
                 
                 
                 	.MACRO __PUTB1SN
                 	LDD  R26,Y+@0
                 	LDD  R27,Y+@0+1
                 	SUBI R26,LOW(-@1)
                 	SBCI R27,HIGH(-@1)
                 	ST   X,R30
                 	.ENDM
                 
                 	.MACRO __PUTW1SN
                 	LDD  R26,Y+@0
                 	LDD  R27,Y+@0+1
                 	SUBI R26,LOW(-@1)
                 	SBCI R27,HIGH(-@1)
                 	ST   X+,R30
                 	ST   X,R31
                 	.ENDM
                 
                 	.MACRO __PUTD1SN
                 	LDD  R26,Y+@0
                 	LDD  R27,Y+@0+1
                 	SUBI R26,LOW(-@1)
                 	SBCI R27,HIGH(-@1)
                 	ST   X+,R30
                 	ST   X+,R31
                 	ST   X+,R22
                 	ST   X,R23
                 	.ENDM
                 
                 	.MACRO __PUTB1SNS
                 	LDD  R26,Y+@0
                 	LDD  R27,Y+@0+1
                 	ADIW R26,@1
                 	ST   X,R30
                 	.ENDM
                 
                 	.MACRO __PUTW1SNS
                 	LDD  R26,Y+@0
                 	LDD  R27,Y+@0+1
                 	ADIW R26,@1
                 	ST   X+,R30
                 	ST   X,R31
                 	.ENDM
                 
                 	.MACRO __PUTD1SNS
                 	LDD  R26,Y+@0
                 	LDD  R27,Y+@0+1
                 	ADIW R26,@1
                 	ST   X+,R30
                 	ST   X+,R31
                 	ST   X+,R22
                 	ST   X,R23
                 	.ENDM
                 
                 	.MACRO __PUTB1PMN
                 	LDS  R26,@0
                 	LDS  R27,@0+1
                 	SUBI R26,LOW(-@1)
                 	SBCI R27,HIGH(-@1)
                 	ST   X,R30
                 	.ENDM
                 
                 	.MACRO __PUTW1PMN
                 	LDS  R26,@0
                 	LDS  R27,@0+1
                 	SUBI R26,LOW(-@1)
                 	SBCI R27,HIGH(-@1)
                 	ST   X+,R30
                 	ST   X,R31
                 	.ENDM
                 
                 	.MACRO __PUTD1PMN
                 	LDS  R26,@0
                 	LDS  R27,@0+1
                 	SUBI R26,LOW(-@1)
                 	SBCI R27,HIGH(-@1)
                 	ST   X+,R30
                 	ST   X+,R31
                 	ST   X+,R22
                 	ST   X,R23
                 	.ENDM
                 
                 	.MACRO __PUTB1PMNS
                 	LDS  R26,@0
                 	LDS  R27,@0+1
                 	ADIW R26,@1
                 	ST   X,R30
                 	.ENDM
                 
                 	.MACRO __PUTW1PMNS
                 	LDS  R26,@0
                 	LDS  R27,@0+1
                 	ADIW R26,@1
                 	ST   X+,R30
                 	ST   X,R31
                 	.ENDM
                 
                 	.MACRO __PUTD1PMNS
                 	LDS  R26,@0
                 	LDS  R27,@0+1
                 	ADIW R26,@1
                 	ST   X+,R30
                 	ST   X+,R31
                 	ST   X+,R22
                 	ST   X,R23
                 	.ENDM
                 
                 	.MACRO __PUTB1RN
                 	MOVW R26,R@0
                 	SUBI R26,LOW(-@1)
                 	SBCI R27,HIGH(-@1)
                 	ST   X,R30
                 	.ENDM
                 
                 	.MACRO __PUTW1RN
                 	MOVW R26,R@0
                 	SUBI R26,LOW(-@1)
                 	SBCI R27,HIGH(-@1)
                 	ST   X+,R30
                 	ST   X,R31
                 	.ENDM
                 
                 	.MACRO __PUTD1RN
                 	MOVW R26,R@0
                 	SUBI R26,LOW(-@1)
                 	SBCI R27,HIGH(-@1)
                 	ST   X+,R30
                 	ST   X+,R31
                 	ST   X+,R22
                 	ST   X,R23
                 	.ENDM
                 
                 	.MACRO __PUTB1RNS
                 	MOVW R26,R@0
                 	ADIW R26,@1
                 	ST   X,R30
                 	.ENDM
                 
                 	.MACRO __PUTW1RNS
                 	MOVW R26,R@0
                 	ADIW R26,@1
                 	ST   X+,R30
                 	ST   X,R31
                 	.ENDM
                 
                 	.MACRO __PUTD1RNS
                 	MOVW R26,R@0
                 	ADIW R26,@1
                 	ST   X+,R30
                 	ST   X+,R31
                 	ST   X+,R22
                 	ST   X,R23
                 	.ENDM
                 
                 	.MACRO __PUTB1RON
                 	MOV  R26,R@0
                 	MOV  R27,R@1
                 	SUBI R26,LOW(-@2)
                 	SBCI R27,HIGH(-@2)
                 	ST   X,R30
                 	.ENDM
                 
                 	.MACRO __PUTW1RON
                 	MOV  R26,R@0
                 	MOV  R27,R@1
                 	SUBI R26,LOW(-@2)
                 	SBCI R27,HIGH(-@2)
                 	ST   X+,R30
                 	ST   X,R31
                 	.ENDM
                 
                 	.MACRO __PUTD1RON
                 	MOV  R26,R@0
                 	MOV  R27,R@1
                 	SUBI R26,LOW(-@2)
                 	SBCI R27,HIGH(-@2)
                 	ST   X+,R30
                 	ST   X+,R31
                 	ST   X+,R22
                 	ST   X,R23
                 	.ENDM
                 
                 	.MACRO __PUTB1RONS
                 	MOV  R26,R@0
                 	MOV  R27,R@1
                 	ADIW R26,@2
                 	ST   X,R30
                 	.ENDM
                 
                 	.MACRO __PUTW1RONS
                 	MOV  R26,R@0
                 	MOV  R27,R@1
                 	ADIW R26,@2
                 	ST   X+,R30
                 	ST   X,R31
                 	.ENDM
                 
                 	.MACRO __PUTD1RONS
                 	MOV  R26,R@0
                 	MOV  R27,R@1
                 	ADIW R26,@2
                 	ST   X+,R30
                 	ST   X+,R31
                 	ST   X+,R22
                 	ST   X,R23
                 	.ENDM
                 
                 
                 	.MACRO __GETB1SX
                 	MOVW R30,R28
                 	SUBI R30,LOW(-@0)
                 	SBCI R31,HIGH(-@0)
                 	LD   R30,Z
                 	.ENDM
                 
                 	.MACRO __GETB1HSX
                 	MOVW R30,R28
                 	SUBI R30,LOW(-@0)
                 	SBCI R31,HIGH(-@0)
                 	LD   R31,Z
                 	.ENDM
                 
                 	.MACRO __GETW1SX
                 	MOVW R30,R28
                 	SUBI R30,LOW(-@0)
                 	SBCI R31,HIGH(-@0)
                 	CALL __GETW1Z
                 	.ENDM
                 
                 	.MACRO __GETD1SX
                 	MOVW R30,R28
                 	SUBI R30,LOW(-@0)
                 	SBCI R31,HIGH(-@0)
                 	CALL __GETD1Z
                 	.ENDM
                 
                 	.MACRO __GETB2SX
                 	MOVW R26,R28
                 	SUBI R26,LOW(-@0)
                 	SBCI R27,HIGH(-@0)
                 	LD   R26,X
                 	.ENDM
                 
                 	.MACRO __GETW2SX
                 	MOVW R26,R28
                 	SUBI R26,LOW(-@0)
                 	SBCI R27,HIGH(-@0)
                 	CALL __GETW2X
                 	.ENDM
                 
                 	.MACRO __GETD2SX
                 	MOVW R26,R28
                 	SUBI R26,LOW(-@0)
                 	SBCI R27,HIGH(-@0)
                 	CALL __GETD2X
                 	.ENDM
                 
                 	.MACRO __GETBRSX
                 	MOVW R30,R28
                 	SUBI R30,LOW(-@1)
                 	SBCI R31,HIGH(-@1)
                 	LD   R@0,Z
                 	.ENDM
                 
                 	.MACRO __GETWRSX
                 	MOVW R30,R28
                 	SUBI R30,LOW(-@2)
                 	SBCI R31,HIGH(-@2)
                 	LD   R@0,Z+
                 	LD   R@1,Z
                 	.ENDM
                 
                 	.MACRO __GETBRSX2
                 	MOVW R26,R28
                 	SUBI R26,LOW(-@1)
                 	SBCI R27,HIGH(-@1)
                 	LD   R@0,X
                 	.ENDM
                 
                 	.MACRO __GETWRSX2
                 	MOVW R26,R28
                 	SUBI R26,LOW(-@2)
                 	SBCI R27,HIGH(-@2)
                 	LD   R@0,X+
                 	LD   R@1,X
                 	.ENDM
                 
                 	.MACRO __LSLW8SX
                 	MOVW R30,R28
                 	SUBI R30,LOW(-@0)
                 	SBCI R31,HIGH(-@0)
                 	LD   R31,Z
                 	CLR  R30
                 	.ENDM
                 
                 	.MACRO __PUTB1SX
                 	MOVW R26,R28
                 	SUBI R26,LOW(-@0)
                 	SBCI R27,HIGH(-@0)
                 	ST   X,R30
                 	.ENDM
                 
                 	.MACRO __PUTW1SX
                 	MOVW R26,R28
                 	SUBI R26,LOW(-@0)
                 	SBCI R27,HIGH(-@0)
                 	ST   X+,R30
                 	ST   X,R31
                 	.ENDM
                 
                 	.MACRO __PUTD1SX
                 	MOVW R26,R28
                 	SUBI R26,LOW(-@0)
                 	SBCI R27,HIGH(-@0)
                 	ST   X+,R30
                 	ST   X+,R31
                 	ST   X+,R22
                 	ST   X,R23
                 	.ENDM
                 
                 	.MACRO __CLRW1SX
                 	MOVW R26,R28
                 	SUBI R26,LOW(-@0)
                 	SBCI R27,HIGH(-@0)
                 	ST   X+,R30
                 	ST   X,R30
                 	.ENDM
                 
                 	.MACRO __CLRD1SX
                 	MOVW R26,R28
                 	SUBI R26,LOW(-@0)
                 	SBCI R27,HIGH(-@0)
                 	ST   X+,R30
                 	ST   X+,R30
                 	ST   X+,R30
                 	ST   X,R30
                 	.ENDM
                 
                 	.MACRO __PUTB2SX
                 	MOVW R30,R28
                 	SUBI R30,LOW(-@0)
                 	SBCI R31,HIGH(-@0)
                 	ST   Z,R26
                 	.ENDM
                 
                 	.MACRO __PUTW2SX
                 	MOVW R30,R28
                 	SUBI R30,LOW(-@0)
                 	SBCI R31,HIGH(-@0)
                 	ST   Z+,R26
                 	ST   Z,R27
                 	.ENDM
                 
                 	.MACRO __PUTD2SX
                 	MOVW R30,R28
                 	SUBI R30,LOW(-@0)
                 	SBCI R31,HIGH(-@0)
                 	ST   Z+,R26
                 	ST   Z+,R27
                 	ST   Z+,R24
                 	ST   Z,R25
                 	.ENDM
                 
                 	.MACRO __PUTBSRX
                 	MOVW R30,R28
                 	SUBI R30,LOW(-@1)
                 	SBCI R31,HIGH(-@1)
                 	ST   Z,R@0
                 	.ENDM
                 
                 	.MACRO __PUTWSRX
                 	MOVW R30,R28
                 	SUBI R30,LOW(-@2)
                 	SBCI R31,HIGH(-@2)
                 	ST   Z+,R@0
                 	ST   Z,R@1
                 	.ENDM
                 
                 	.MACRO __PUTB1SNX
                 	MOVW R26,R28
                 	SUBI R26,LOW(-@0)
                 	SBCI R27,HIGH(-@0)
                 	LD   R0,X+
                 	LD   R27,X
                 	MOV  R26,R0
                 	SUBI R26,LOW(-@1)
                 	SBCI R27,HIGH(-@1)
                 	ST   X,R30
                 	.ENDM
                 
                 	.MACRO __PUTW1SNX
                 	MOVW R26,R28
                 	SUBI R26,LOW(-@0)
                 	SBCI R27,HIGH(-@0)
                 	LD   R0,X+
                 	LD   R27,X
                 	MOV  R26,R0
                 	SUBI R26,LOW(-@1)
                 	SBCI R27,HIGH(-@1)
                 	ST   X+,R30
                 	ST   X,R31
                 	.ENDM
                 
                 	.MACRO __PUTD1SNX
                 	MOVW R26,R28
                 	SUBI R26,LOW(-@0)
                 	SBCI R27,HIGH(-@0)
                 	LD   R0,X+
                 	LD   R27,X
                 	MOV  R26,R0
                 	SUBI R26,LOW(-@1)
                 	SBCI R27,HIGH(-@1)
                 	ST   X+,R30
                 	ST   X+,R31
                 	ST   X+,R22
                 	ST   X,R23
                 	.ENDM
                 
                 	.MACRO __MULBRR
                 	MULS R@0,R@1
                 	MOVW R30,R0
                 	.ENDM
                 
                 	.MACRO __MULBRRU
                 	MUL  R@0,R@1
                 	MOVW R30,R0
                 	.ENDM
                 
                 	.MACRO __MULBRR0
                 	MULS R@0,R@1
                 	.ENDM
                 
                 	.MACRO __MULBRRU0
                 	MUL  R@0,R@1
                 	.ENDM
                 
                 	.MACRO __MULBNWRU
                 	LDI  R26,@2
                 	MUL  R26,R@0
                 	MOVW R30,R0
                 	MUL  R26,R@1
                 	ADD  R31,R0
                 	.ENDM
                 
                 ;NAME DEFINITIONS FOR GLOBAL VARIABLES ALLOCATED TO REGISTERS
                 	.DEF _isConsumindoCombustivel=R4
                 	.DEF _isConsumindoCombustivel_msb=R5
                 	.DEF _isMovimento0=R6
                 	.DEF _isMovimento0_msb=R7
                 
                 	.CSEG
                 	.ORG 0x00
                 
                 ;START OF CODE MARKER
                 __START_OF_CODE:
                 
                 ;INTERRUPT VECTORS
000000 940c 0081 	JMP  __RESET
000002 940c 00c9 	JMP  _ext_int0_isr
000004 940c 00e0 	JMP  _ext_int1_isr
000006 940c 0000 	JMP  0x00
000008 940c 0000 	JMP  0x00
00000a 940c 0000 	JMP  0x00
00000c 940c 0000 	JMP  0x00
00000e 940c 0000 	JMP  0x00
000010 940c 0000 	JMP  0x00
000012 940c 00f9 	JMP  _timer1_ovf_isr
000014 940c 0000 	JMP  0x00
000016 940c 0000 	JMP  0x00
000018 940c 0000 	JMP  0x00
00001a 940c 0000 	JMP  0x00
00001c 940c 0000 	JMP  0x00
00001e 940c 0000 	JMP  0x00
000020 940c 0000 	JMP  0x00
000022 940c 0000 	JMP  0x00
000024 940c 0000 	JMP  0x00
000026 940c 0000 	JMP  0x00
000028 940c 0000 	JMP  0x00
                 
                 _tbl10_G100:
00002a 2710
00002b 03e8
00002c 0064
00002d 000a      	.DB  0x10,0x27,0xE8,0x3,0x64,0x0,0xA,0x0
00002e 0001      	.DB  0x1,0x0
                 _tbl16_G100:
00002f 1000
000030 0100
000031 0010
000032 0001      	.DB  0x0,0x10,0x0,0x1,0x10,0x0,0x1,0x0
                 
                 ;GLOBAL REGISTER VARIABLES INITIALIZATION
                 __REG_VARS:
000033 0000
000034 0000      	.DB  0x0,0x0,0x0,0x0
                 
                 _0x0:
000035 204f
000036 6953
000037 7473
000038 6d65      	.DB  0x4F,0x20,0x53,0x69,0x73,0x74,0x65,0x6D
000039 2061
00003a 6966
00003b 6f63
00003c 2075      	.DB  0x61,0x20,0x66,0x69,0x63,0x6F,0x75,0x20
00003d 6573
00003e 206d
00003f 6f63
000040 626d      	.DB  0x73,0x65,0x6D,0x20,0x63,0x6F,0x6D,0x62
000041 7375
000042 6974
000043 6576
000044 2c6c      	.DB  0x75,0x73,0x74,0x69,0x76,0x65,0x6C,0x2C
000045 7020
000046 7261
000047 2061
000048 6572      	.DB  0x20,0x70,0x61,0x72,0x61,0x20,0x72,0x65
000049 6261
00004a 7361
00004b 6574
00004c 6563      	.DB  0x61,0x62,0x61,0x73,0x74,0x65,0x63,0x65
00004d 2072
00004e 7061
00004f 7265
000050 6574      	.DB  0x72,0x20,0x61,0x70,0x65,0x72,0x74,0x65
000051 7120
000052 6175
000053 716c
000054 6575      	.DB  0x20,0x71,0x75,0x61,0x6C,0x71,0x75,0x65
000055 2072
000056 6f62
000057 e374
000058 216f      	.DB  0x72,0x20,0x62,0x6F,0x74,0xE3,0x6F,0x21
000059 000a
00005a 7441
00005b 6e65
00005c e3e7      	.DB  0xA,0x0,0x41,0x74,0x65,0x6E,0xE7,0xE3
00005d 216f
00005e 5320
00005f 7565
000060 6320      	.DB  0x6F,0x21,0x20,0x53,0x65,0x75,0x20,0x63
000061 6d6f
000062 7562
000063 7473
000064 76ed      	.DB  0x6F,0x6D,0x62,0x75,0x73,0x74,0xED,0x76
000065 6c65
000066 6520
000067 206d
000068 ed6e      	.DB  0x65,0x6C,0x20,0x65,0x6D,0x20,0x6E,0xED
000069 6576
00006a 206c
00006b 7263
00006c 7469      	.DB  0x76,0x65,0x6C,0x20,0x63,0x72,0x69,0x74
00006d 6369
00006e 216f
00006f 000a
000070 6553      	.DB  0x69,0x63,0x6F,0x21,0xA,0x0,0x53,0x65
000071 2075
000072 6f63
000073 626d
000074 7375      	.DB  0x75,0x20,0x63,0x6F,0x6D,0x62,0x75,0x73
000075 ed74
000076 6576
000077 206c
000078 20e9      	.DB  0x74,0xED,0x76,0x65,0x6C,0x20,0xE9,0x20
000079 6564
00007a 2520
00007b 2e64
00007c 000a      	.DB  0x64,0x65,0x20,0x25,0x64,0x2E,0xA,0x0
                 
                 __GLOBAL_INI_TBL:
00007d 0004      	.DW  0x04
00007e 0004      	.DW  0x04
00007f 0066      	.DW  __REG_VARS*2
                 
                 _0xFFFFFFFF:
000080 0000      	.DW  0
                 
                 #define __GLOBAL_INI_TBL_PRESENT 1
                 
                 __RESET:
000081 94f8      	CLI
000082 27ee      	CLR  R30
000083 bbec      	OUT  EECR,R30
                 
                 ;INTERRUPT VECTORS ARE PLACED
                 ;AT THE START OF FLASH
000084 e0f1      	LDI  R31,1
000085 bffb      	OUT  GICR,R31
000086 bfeb      	OUT  GICR,R30
000087 bfe5      	OUT  MCUCR,R30
                 
                 ;CLEAR R2-R14
000088 e08d      	LDI  R24,(14-2)+1
000089 e0a2      	LDI  R26,2
00008a 27bb      	CLR  R27
                 __CLEAR_REG:
00008b 93ed      	ST   X+,R30
00008c 958a      	DEC  R24
00008d f7e9      	BRNE __CLEAR_REG
                 
                 ;CLEAR SRAM
00008e e080      	LDI  R24,LOW(__CLEAR_SRAM_SIZE)
00008f e098      	LDI  R25,HIGH(__CLEAR_SRAM_SIZE)
000090 e6a0      	LDI  R26,__SRAM_START
                 __CLEAR_SRAM:
000091 93ed      	ST   X+,R30
000092 9701      	SBIW R24,1
000093 f7e9      	BRNE __CLEAR_SRAM
                 
                 ;GLOBAL VARIABLES INITIALIZATION
000094 efea      	LDI  R30,LOW(__GLOBAL_INI_TBL*2)
000095 e0f0      	LDI  R31,HIGH(__GLOBAL_INI_TBL*2)
                 __GLOBAL_INI_NEXT:
000096 9185      	LPM  R24,Z+
000097 9195      	LPM  R25,Z+
000098 9700      	SBIW R24,0
000099 f061      	BREQ __GLOBAL_INI_END
00009a 91a5      	LPM  R26,Z+
00009b 91b5      	LPM  R27,Z+
00009c 9005      	LPM  R0,Z+
00009d 9015      	LPM  R1,Z+
00009e 01bf      	MOVW R22,R30
00009f 01f0      	MOVW R30,R0
                 __GLOBAL_INI_LOOP:
0000a0 9005      	LPM  R0,Z+
0000a1 920d      	ST   X+,R0
0000a2 9701      	SBIW R24,1
0000a3 f7e1      	BRNE __GLOBAL_INI_LOOP
0000a4 01fb      	MOVW R30,R22
0000a5 cff0      	RJMP __GLOBAL_INI_NEXT
                 __GLOBAL_INI_END:
                 
                 ;HARDWARE STACK POINTER INITIALIZATION
0000a6 e5ef      	LDI  R30,LOW(__SRAM_END-__HEAP_SIZE)
0000a7 bfed      	OUT  SPL,R30
0000a8 e0e8      	LDI  R30,HIGH(__SRAM_END-__HEAP_SIZE)
0000a9 bfee      	OUT  SPH,R30
                 
                 ;DATA STACK POINTER INITIALIZATION
0000aa e6c0      	LDI  R28,LOW(__SRAM_START+__DSTACK_SIZE)
0000ab e0d2      	LDI  R29,HIGH(__SRAM_START+__DSTACK_SIZE)
                 
0000ac 940c 012e 	JMP  _main
                 
                 	.ESEG
                 	.ORG 0x00
                 
                 	.DSEG
                 	.ORG 0x260
                 
                 	.CSEG
                 	#ifndef __SLEEP_DEFINED__
                 	#define __SLEEP_DEFINED__
                 	.EQU __se_bit=0x80
                 	.EQU __sm_mask=0x70
                 	.EQU __sm_powerdown=0x20
                 	.EQU __sm_powersave=0x30
                 	.EQU __sm_standby=0x60
                 	.EQU __sm_ext_standby=0x70
                 	.EQU __sm_adc_noise_red=0x10
                 	.SET power_ctrl_reg=mcucr
                 	#endif
                 ;void diminuiCombustivel() {
                 ; 0000 0009 void diminuiCombustivel() {
                 
                 	.CSEG
                 _diminuiCombustivel:
                 ; .FSTART _diminuiCombustivel
                 ; 0000 000A if (combustivel > 0) {
0000ae e0a0      	LDI  R26,LOW(_combustivel)
0000af e0b0      	LDI  R27,HIGH(_combustivel)
0000b0 d2c7      	RCALL __EEPROMRDW
                +
0000b1 2400     +CLR R0
0000b2 160e     +CP R0 , R30
0000b3 060f     +CPC R0 , R31
                 	__CPW01
0000b4 f44c      	BRGE _0x3
                 ; 0000 000B combustivel -= 1001;
0000b5 e0a0      	LDI  R26,LOW(_combustivel)
0000b6 e0b0      	LDI  R27,HIGH(_combustivel)
0000b7 d2c0      	RCALL __EEPROMRDW
0000b8 5ee9      	SUBI R30,LOW(1001)
0000b9 40f3      	SBCI R31,HIGH(1001)
0000ba e0a0      	LDI  R26,LOW(_combustivel)
0000bb e0b0      	LDI  R27,HIGH(_combustivel)
0000bc d2cb      	RCALL __EEPROMWRW
                 ; 0000 000C } else {
0000bd c008      	RJMP _0x4
                 _0x3:
                 ; 0000 000D combustivel = 28000;
0000be e0a0      	LDI  R26,LOW(_combustivel)
0000bf e0b0      	LDI  R27,HIGH(_combustivel)
0000c0 e6e0      	LDI  R30,LOW(28000)
0000c1 e6fd      	LDI  R31,HIGH(28000)
0000c2 d2c5      	RCALL __EEPROMWRW
                 ; 0000 000E printf("O Sistema ficou sem combustivel, para reabastecer aperte qualquer botão!\n");
                +
0000c3 e6ea     +LDI R30 , LOW ( 2 * _0x0 + ( 0 ) )
0000c4 e0f0     +LDI R31 , HIGH ( 2 * _0x0 + ( 0 ) )
                 	__POINTW1FN _0x0,0
0000c5 d258      	RCALL SUBOPT_0x0
                 ; 0000 000F 
                 ; 0000 0010 }
                 _0x4:
                 ; 0000 0011 isConsumindoCombustivel = 0;
0000c6 2444      	CLR  R4
0000c7 2455      	CLR  R5
                 ; 0000 0012 }
0000c8 9508      	RET
                 ; .FEND
                 ;interrupt[2]void ext_int0_isr(void) {
                 ; 0000 0015 interrupt[2]void ext_int0_isr(void) {
                 _ext_int0_isr:
                 ; .FSTART _ext_int0_isr
0000c9 93ea      	ST   -Y,R30
0000ca 93fa      	ST   -Y,R31
                 ; 0000 0016 // Place your code here
                 ; 0000 0017 if (PINB.4 == 1) {
0000cb 9bb4      	SBIS 0x16,4
0000cc c008      	RJMP _0x5
                 ; 0000 0018 PORTD.0 = ~PORTD.0;
0000cd 9b90      	SBIS 0x12,0
0000ce c002      	RJMP _0x6
0000cf 9890      	CBI  0x12,0
0000d0 c001      	RJMP _0x7
                 _0x6:
0000d1 9a90      	SBI  0x12,0
                 _0x7:
                 ; 0000 0019 isConsumindoCombustivel = 1;
0000d2 e0e1      	LDI  R30,LOW(1)
0000d3 e0f0      	LDI  R31,HIGH(1)
0000d4 012f      	MOVW R4,R30
                 ; 0000 001A }
                 ; 0000 001B 
                 ; 0000 001C if (PINB.3 == 1) {
                 _0x5:
0000d5 9bb3      	SBIS 0x16,3
0000d6 c008      	RJMP _0x8
                 ; 0000 001D PORTD.1 = ~PORTD.1;
0000d7 9b91      	SBIS 0x12,1
0000d8 c002      	RJMP _0x9
0000d9 9891      	CBI  0x12,1
0000da c001      	RJMP _0xA
                 _0x9:
0000db 9a91      	SBI  0x12,1
                 _0xA:
                 ; 0000 001E isConsumindoCombustivel = 1;
0000dc e0e1      	LDI  R30,LOW(1)
0000dd e0f0      	LDI  R31,HIGH(1)
0000de 012f      	MOVW R4,R30
                 ; 0000 001F }
                 ; 0000 0020 
                 ; 0000 0021 //HABILITANDO O isConsumindoCombustivel DE COMBUSTIVEL AO USAR O LIMPADOR
                 ; 0000 0022 //if (PINB.4 || PINB.3) {
                 ; 0000 0023 // isConsumindoCombustivel = 1;
                 ; 0000 0024 //}
                 ; 0000 0025 }
                 _0x8:
0000df c016      	RJMP _0x3E
                 ; .FEND
                 ;interrupt[3]void ext_int1_isr(void) {
                 ; 0000 0027 interrupt[3]void ext_int1_isr(void) {
                 _ext_int1_isr:
                 ; .FSTART _ext_int1_isr
0000e0 93ea      	ST   -Y,R30
0000e1 93fa      	ST   -Y,R31
                 ; 0000 0028 //Place your code here
                 ; 0000 0029 if (PINB.1 == 1) {
0000e2 9bb1      	SBIS 0x16,1
0000e3 c008      	RJMP _0xB
                 ; 0000 002A PORTD.4 = ~PORTD.4;
0000e4 9b94      	SBIS 0x12,4
0000e5 c002      	RJMP _0xC
0000e6 9894      	CBI  0x12,4
0000e7 c001      	RJMP _0xD
                 _0xC:
0000e8 9a94      	SBI  0x12,4
                 _0xD:
                 ; 0000 002B isConsumindoCombustivel = 1;
0000e9 e0e1      	LDI  R30,LOW(1)
0000ea e0f0      	LDI  R31,HIGH(1)
0000eb 012f      	MOVW R4,R30
                 ; 0000 002C }
                 ; 0000 002D 
                 ; 0000 002E if (PINB.0 == 1) {
                 _0xB:
0000ec 9bb0      	SBIS 0x16,0
0000ed c008      	RJMP _0xE
                 ; 0000 002F PORTD.6 = ~PORTD.6;
0000ee 9b96      	SBIS 0x12,6
0000ef c002      	RJMP _0xF
0000f0 9896      	CBI  0x12,6
0000f1 c001      	RJMP _0x10
                 _0xF:
0000f2 9a96      	SBI  0x12,6
                 _0x10:
                 ; 0000 0030 isConsumindoCombustivel = 1;
0000f3 e0e1      	LDI  R30,LOW(1)
0000f4 e0f0      	LDI  R31,HIGH(1)
0000f5 012f      	MOVW R4,R30
                 ; 0000 0031 }
                 ; 0000 0032 
                 ; 0000 0033 //HABILITANDO O isConsumindoCombustivel DE COMBUSTIVEL AO USAR O LIMPADOR
                 ; 0000 0034 //if (PINB.1 || PINB.0) {
                 ; 0000 0035 //isConsumindoCombustivel = 1;
                 ; 0000 0036 //}
                 ; 0000 0037 }
                 _0xE:
                 _0x3E:
0000f6 91f9      	LD   R31,Y+
0000f7 91e9      	LD   R30,Y+
0000f8 9518      	RETI
                 ; .FEND
                 ;interrupt[10]void timer1_ovf_isr(void) {
                 ; 0000 0039 interrupt[10]void timer1_ovf_isr(void) {
                 _timer1_ovf_isr:
                 ; .FSTART _timer1_ovf_isr
0000f9 93ea      	ST   -Y,R30
0000fa 93fa      	ST   -Y,R31
0000fb b7ef      	IN   R30,SREG
0000fc 93ea      	ST   -Y,R30
                 ; 0000 003A //HABILITANDO O isConsumindoCombustivel DE COMBUSTIVEL AO USAR O LIMPADOR
                 ; 0000 003B //if (PINB.6 || PINB.7) {
                 ; 0000 003C //  isConsumindoCombustivel = 1;
                 ; 0000 003D //}
                 ; 0000 003E 
                 ; 0000 003F if (PINB.6 == 1) {
0000fd 9bb6      	SBIS 0x16,6
0000fe c014      	RJMP _0x11
                 ; 0000 0040 isConsumindoCombustivel = 1;
0000ff e0e1      	LDI  R30,LOW(1)
000100 e0f0      	LDI  R31,HIGH(1)
000101 012f      	MOVW R4,R30
                 ; 0000 0041 PORTA.0 = ~PORTA.0;
000102 9bd8      	SBIS 0x1B,0
000103 c002      	RJMP _0x12
000104 98d8      	CBI  0x1B,0
000105 c001      	RJMP _0x13
                 _0x12:
000106 9ad8      	SBI  0x1B,0
                 _0x13:
                 ; 0000 0042 TCNT1H = 0x1F00 >> 8;
000107 d21c      	RCALL SUBOPT_0x1
                 ; 0000 0043 TCNT1L = 0x1F00 & 0xFF;
                 ; 0000 0044 isMovimento0 = 0;
                 ; 0000 0045 while (PORTA.0 == 1) {
                 _0x14:
000108 9bd8      	SBIS 0x1B,0
000109 c009      	RJMP _0x16
                 ; 0000 0046 PORTA.0 = 1;
00010a 9ad8      	SBI  0x1B,0
                 ; 0000 0047 if (PINB.6 == 0) {
00010b 99b6      	SBIC 0x16,6
00010c c005      	RJMP _0x19
                 ; 0000 0048 PORTA.0 = 0;
00010d 98d8      	CBI  0x1B,0
                 ; 0000 0049 isMovimento0 = 1;
00010e e0e1      	LDI  R30,LOW(1)
00010f e0f0      	LDI  R31,HIGH(1)
000110 013f      	MOVW R6,R30
                 ; 0000 004A break;
000111 c001      	RJMP _0x16
                 ; 0000 004B }
                 ; 0000 004C }
                 _0x19:
000112 cff5      	RJMP _0x14
                 _0x16:
                 ; 0000 004D }
                 ; 0000 004E 
                 ; 0000 004F if (PINB.7 == 1) {
                 _0x11:
000113 9bb7      	SBIS 0x16,7
000114 c014      	RJMP _0x1C
                 ; 0000 0050 isConsumindoCombustivel = 1;
000115 e0e1      	LDI  R30,LOW(1)
000116 e0f0      	LDI  R31,HIGH(1)
000117 012f      	MOVW R4,R30
                 ; 0000 0051 PORTA.1 = ~PORTA.1;
000118 9bd9      	SBIS 0x1B,1
000119 c002      	RJMP _0x1D
00011a 98d9      	CBI  0x1B,1
00011b c001      	RJMP _0x1E
                 _0x1D:
00011c 9ad9      	SBI  0x1B,1
                 _0x1E:
                 ; 0000 0052 TCNT1H = 0x1F00 >> 8;
00011d d206      	RCALL SUBOPT_0x1
                 ; 0000 0053 TCNT1L = 0x1F00 & 0xFF;
                 ; 0000 0054 isMovimento0 = 0;
                 ; 0000 0055 while (PORTA.1 == 1) {
                 _0x1F:
00011e 9bd9      	SBIS 0x1B,1
00011f c009      	RJMP _0x21
                 ; 0000 0056 PORTA.1 = 1;
000120 9ad9      	SBI  0x1B,1
                 ; 0000 0057 if (PINB.7 == 0) {
000121 99b7      	SBIC 0x16,7
000122 c005      	RJMP _0x24
                 ; 0000 0058 PORTA.1 = 0;
000123 98d9      	CBI  0x1B,1
                 ; 0000 0059 isMovimento0 = 1;
000124 e0e1      	LDI  R30,LOW(1)
000125 e0f0      	LDI  R31,HIGH(1)
000126 013f      	MOVW R6,R30
                 ; 0000 005A break;
000127 c001      	RJMP _0x21
                 ; 0000 005B }
                 ; 0000 005C }
                 _0x24:
000128 cff5      	RJMP _0x1F
                 _0x21:
                 ; 0000 005D }
                 ; 0000 005E 
                 ; 0000 005F }
                 _0x1C:
000129 91e9      	LD   R30,Y+
00012a bfef      	OUT  SREG,R30
00012b 91f9      	LD   R31,Y+
00012c 91e9      	LD   R30,Y+
00012d 9518      	RETI
                 ; .FEND
                 ;void main(void) {
                 ; 0000 0062 void main(void) {
                 _main:
                 ; .FSTART _main
                 ; 0000 0063 // Declare your local variables here
                 ; 0000 0064 // Input/Output Ports initialization
                 ; 0000 0065 // Port A initialization
                 ; 0000 0066 // Function: Bit7=In Bit6=In Bit5=In Bit4=In Bit3=In Bit2=In Bit1=In Bit0=In
                 ; 0000 0067 DDRA = (0 << DDA7) | (0 << DDA6) | (0 << DDA5) | (0 << DDA4) | (0 << DDA3) | (0 << DDA2) | (1 << DDA1) | (1 << DDA0);
00012e e0e3      	LDI  R30,LOW(3)
00012f bbea      	OUT  0x1A,R30
                 ; 0000 0068 // State: Bit7=T Bit6=T Bit5=T Bit4=T Bit3=T Bit2=T Bit1=0 Bit0=0
                 ; 0000 0069 PORTA = (0 << PORTA7) | (0 << PORTA6) | (0 << PORTA5) | (0 << PORTA4) | (0 << PORTA3) | (0 << PORTA2) | (0 << PORTA1) | (0 << PORTA0);
000130 e0e0      	LDI  R30,LOW(0)
000131 bbeb      	OUT  0x1B,R30
                 ; 0000 006A 
                 ; 0000 006B // Port B initialization
                 ; 0000 006C // Function: Bit7=In Bit6=In Bit5=In Bit4=In Bit3=In Bit2=In Bit1=In Bit0=In
                 ; 0000 006D DDRB = (0 << DDB7) | (0 << DDB6) | (0 << DDB5) | (0 << DDB4) | (0 << DDB3) | (0 << DDB2) | (0 << DDB1) | (0 << DDB0);
000132 bbe7      	OUT  0x17,R30
                 ; 0000 006E // State: Bit7=T Bit6=T Bit5=T Bit4=T Bit3=T Bit2=T Bit1=T Bit0=T
                 ; 0000 006F PORTB = (0 << PORTB7) | (0 << PORTB6) | (0 << PORTB5) | (0 << PORTB4) | (0 << PORTB3) | (0 << PORTB2) | (0 << PORTB1) | (0 << PORTB0);
000133 bbe8      	OUT  0x18,R30
                 ; 0000 0070 
                 ; 0000 0071 // Port C initialization
                 ; 0000 0072 // Function: Bit7=In Bit6=In Bit5=In Bit4=In Bit3=In Bit2=In Bit1=In Bit0=In
                 ; 0000 0073 DDRC = (0 << DDC7) | (0 << DDC6) | (0 << DDC5) | (0 << DDC4) | (0 << DDC3) | (0 << DDC2) | (0 << DDC1) | (0 << DDC0);
000134 bbe4      	OUT  0x14,R30
                 ; 0000 0074 // State: Bit7=T Bit6=T Bit5=T Bit4=T Bit3=T Bit2=T Bit1=T Bit0=T
                 ; 0000 0075 PORTC = (0 << PORTC7) | (0 << PORTC6) | (1 << PORTC5) | (0 << PORTC4) | (0 << PORTC3) | (0 << PORTC2) | (0 << PORTC1) | (0 << PORTC0);
000135 e2e0      	LDI  R30,LOW(32)
000136 bbe5      	OUT  0x15,R30
                 ; 0000 0076 
                 ; 0000 0077 // Port D initialization
                 ; 0000 0078 // Function: Bit7=In Bit6=Out Bit5=Out Bit4=In Bit3=In Bit2=In Bit1=Out Bit0=Out
                 ; 0000 0079 DDRD = (0 << DDD7) | (1 << DDD6) | (0 << DDD5) | (1 << DDD4) | (0 << DDD3) | (0 << DDD2) | (1 << DDD1) | (1 << DDD0);
000137 e5e3      	LDI  R30,LOW(83)
000138 bbe1      	OUT  0x11,R30
                 ; 0000 007A // State: Bit7=T Bit6=0 Bit5=0 Bit4=T Bit3=T Bit2=T Bit1=0 Bit0=0
                 ; 0000 007B PORTD = (0 << PORTD7) | (0 << PORTD6) | (0 << PORTD5) | (0 << PORTD4) | (0 << PORTD3) | (0 << PORTD2) | (0 << PORTD1) | (0 << PORTD0);
000139 e0e0      	LDI  R30,LOW(0)
00013a bbe2      	OUT  0x12,R30
                 ; 0000 007C 
                 ; 0000 007D // Timer/Counter 0 initialization
                 ; 0000 007E // Clock source: System Clock
                 ; 0000 007F // Clock value: Timer 0 Stopped
                 ; 0000 0080 // Mode: Normal top=0xFF
                 ; 0000 0081 // OC0 output: Disconnected
                 ; 0000 0082 TCCR0 = (0 << WGM00) | (0 << COM01) | (0 << COM00) | (0 << WGM01) | (0 << CS02) | (0 << CS01) | (0 << CS00);
00013b bfe3      	OUT  0x33,R30
                 ; 0000 0083 TCNT0 = 0x00;
00013c bfe2      	OUT  0x32,R30
                 ; 0000 0084 OCR0 = 0x00;
00013d bfec      	OUT  0x3C,R30
                 ; 0000 0085 
                 ; 0000 0086 // Timer/Counter 1 initialization
                 ; 0000 0087 // Clock source: System Clock
                 ; 0000 0088 // Clock value: 14,400 kHz
                 ; 0000 0089 // Mode: Normal top=0xFFFF
                 ; 0000 008A // OC1A output: Toggle
                 ; 0000 008B // OC1B output: Discon.
                 ; 0000 008C // Noise Canceler: Off
                 ; 0000 008D // Input Capture on Falling Edge
                 ; 0000 008E // Timer1 Overflow Interrupt: On
                 ; 0000 008F // Input Capture Interrupt: Off
                 ; 0000 0090 // Compare A Match Interrupt: Off
                 ; 0000 0091 // Compare B Match Interrupt: Off
                 ; 0000 0092 TCCR1A = 0x00;
00013e bdef      	OUT  0x2F,R30
                 ; 0000 0093 TCCR1B = 0x05;
00013f e0e5      	LDI  R30,LOW(5)
000140 bdee      	OUT  0x2E,R30
                 ; 0000 0094 TCNT1H = 0x38;
000141 e3e8      	LDI  R30,LOW(56)
000142 bded      	OUT  0x2D,R30
                 ; 0000 0095 TCNT1L = 0x3F;
000143 e3ef      	LDI  R30,LOW(63)
000144 bdec      	OUT  0x2C,R30
                 ; 0000 0096 ICR1H = 0x00;
000145 e0e0      	LDI  R30,LOW(0)
000146 bde7      	OUT  0x27,R30
                 ; 0000 0097 ICR1L = 0x00;
000147 bde6      	OUT  0x26,R30
                 ; 0000 0098 OCR1AH = 0x00;
000148 bdeb      	OUT  0x2B,R30
                 ; 0000 0099 OCR1AL = 0x00;
000149 bdea      	OUT  0x2A,R30
                 ; 0000 009A OCR1BH = 0x00;
00014a bde9      	OUT  0x29,R30
                 ; 0000 009B OCR1BL = 0x00;
00014b bde8      	OUT  0x28,R30
                 ; 0000 009C 
                 ; 0000 009D // Timer/Counter 2 initialization
                 ; 0000 009E // Clock source: System Clock
                 ; 0000 009F // Clock value: Timer2 Stopped
                 ; 0000 00A0 // Mode: Normal top=0xFF
                 ; 0000 00A1 // OC2 output: Disconnected
                 ; 0000 00A2 ASSR = 0 << AS2;
00014c bde2      	OUT  0x22,R30
                 ; 0000 00A3 TCCR2 = (0 << PWM2) | (0 << COM21) | (0 << COM20) | (0 << CTC2) | (0 << CS22) | (0 << CS21) | (0 << CS20);
00014d bde5      	OUT  0x25,R30
                 ; 0000 00A4 TCNT2 = 0x00;
00014e bde4      	OUT  0x24,R30
                 ; 0000 00A5 OCR2 = 0x00;
00014f bde3      	OUT  0x23,R30
                 ; 0000 00A6 
                 ; 0000 00A7 // Timer(s)/Counter(s) Interrupt(s) initialization
                 ; 0000 00A8 TIMSK = 0x04;
000150 e0e4      	LDI  R30,LOW(4)
000151 bfe9      	OUT  0x39,R30
                 ; 0000 00A9 
                 ; 0000 00AA // External Interrupt(s) initialization
                 ; 0000 00AB // INT0: On
                 ; 0000 00AC // INT0 Mode: Low level
                 ; 0000 00AD // INT1: On
                 ; 0000 00AE // INT1 Mode: Low level
                 ; 0000 00AF // INT2: Off
                 ; 0000 00B0 GICR |= (1 << INT1) | (1 << INT0) | (0 << INT2);
000152 b7eb      	IN   R30,0x3B
000153 6ce0      	ORI  R30,LOW(0xC0)
000154 bfeb      	OUT  0x3B,R30
                 ; 0000 00B1 MCUCR = (0 << ISC11) | (0 << ISC10) | (0 << ISC01) | (0 << ISC00);
000155 e0e0      	LDI  R30,LOW(0)
000156 bfe5      	OUT  0x35,R30
                 ; 0000 00B2 MCUCSR = (0 << ISC2);
000157 bfe4      	OUT  0x34,R30
                 ; 0000 00B3 GIFR = (1 << INTF1) | (1 << INTF0) | (0 << INTF2);
000158 ece0      	LDI  R30,LOW(192)
000159 bfea      	OUT  0x3A,R30
                 ; 0000 00B4 
                 ; 0000 00B5 // USART initialization
                 ; 0000 00B6 // USART disabled
                 ; 0000 00B7 //UCSRB=(0<<RXCIE) | (0<<TXCIE) | (0<<UDRIE) | (0<<RXEN) | (0<<TXEN) | (0<<UCSZ2) | (0<<RXB8) | (0<<TXB8);
                 ; 0000 00B8 
                 ; 0000 00B9 // Analog Comparator initialization
                 ; 0000 00BA // Analog Comparator: Off
                 ; 0000 00BB // The Analog Comparator's positive input is
                 ; 0000 00BC // connected to the AIN0 pin
                 ; 0000 00BD // The Analog Comparator's negative input is
                 ; 0000 00BE // connected to the AIN1 pin
                 ; 0000 00BF ACSR = (1 << ACD) | (0 << ACBG) | (0 << ACO) | (0 << ACI) | (0 << ACIE) | (0 << ACIC) | (0 << ACIS1) | (0 << ACIS0);
00015a e8e0      	LDI  R30,LOW(128)
00015b b9e8      	OUT  0x8,R30
                 ; 0000 00C0 SFIOR = (0 << ACME);
00015c e0e0      	LDI  R30,LOW(0)
00015d bfe0      	OUT  0x30,R30
                 ; 0000 00C1 
                 ; 0000 00C2 // ADC initialization
                 ; 0000 00C3 // ADC disabled
                 ; 0000 00C4 ADCSRA = (0 << ADEN) | (0 << ADSC) | (0 << ADATE) | (0 << ADIF) | (0 << ADIE) | (0 << ADPS2) | (0 << ADPS1) | (0 << ADPS0);
00015e b9e6      	OUT  0x6,R30
                 ; 0000 00C5 
                 ; 0000 00C6 // SPI initialization
                 ; 0000 00C7 // SPI disabled
                 ; 0000 00C8 SPCR = (0 << SPIE) | (0 << SPE) | (0 << DORD) | (0 << MSTR) | (0 << CPOL) | (0 << CPHA) | (0 << SPR1) | (0 << SPR0);
00015f b9ed      	OUT  0xD,R30
                 ; 0000 00C9 
                 ; 0000 00CA // TWI initialization
                 ; 0000 00CB // TWI disabled
                 ; 0000 00CC TWCR = (0 << TWEA) | (0 << TWSTA) | (0 << TWSTO) | (0 << TWEN) | (0 << TWIE);
000160 bfe6      	OUT  0x36,R30
                 ; 0000 00CD 
                 ; 0000 00CE // Globally enable interrupts
                 ; 0000 00CF # asm("sei")while (1) {
000161 9478      	SEI
                 _0x27:
                 ; 0000 00D0 if (((PINB.4) || (PINB.3) || (PINB.1) || (PINB.0) || (PORTA.1 == 0 && isMovimento0 == 1) || (PORTA.0 == 0 && isMovimento0 == 1)) && (combustivel <= 10000)) {
000162 99b4      	SBIC 0x16,4
000163 c00f      	RJMP _0x2B
000164 99b3      	SBIC 0x16,3
000165 c00d      	RJMP _0x2B
000166 99b1      	SBIC 0x16,1
000167 c00b      	RJMP _0x2B
000168 99b0      	SBIC 0x16,0
000169 c009      	RJMP _0x2B
00016a 99d9      	SBIC 0x1B,1
00016b c002      	RJMP _0x2C
00016c d1be      	RCALL SUBOPT_0x2
00016d f029      	BREQ _0x2B
                 _0x2C:
00016e 99d8      	SBIC 0x1B,0
00016f c002      	RJMP _0x2E
000170 d1ba      	RCALL SUBOPT_0x2
000171 f009      	BREQ _0x2B
                 _0x2E:
000172 c007      	RJMP _0x31
                 _0x2B:
000173 e0a0      	LDI  R26,LOW(_combustivel)
000174 e0b0      	LDI  R27,HIGH(_combustivel)
000175 d202      	RCALL __EEPROMRDW
000176 31e1      	CPI  R30,LOW(0x2711)
000177 e2a7      	LDI  R26,HIGH(0x2711)
000178 07fa      	CPC  R31,R26
000179 f00c      	BRLT _0x32
                 _0x31:
00017a c004      	RJMP _0x2A
                 _0x32:
                 ; 0000 00D1 printf("Atenção! Seu combustível em nível critico!\n");
                +
00017b ebe4     +LDI R30 , LOW ( 2 * _0x0 + ( 74 ) )
00017c e0f0     +LDI R31 , HIGH ( 2 * _0x0 + ( 74 ) )
                 	__POINTW1FN _0x0,74
00017d d1a0      	RCALL SUBOPT_0x0
                 ; 0000 00D2 printf("Seu combustível é de %d.\n", combustivel);
00017e d1b1      	RCALL SUBOPT_0x3
                 ; 0000 00D3 }
                 ; 0000 00D4 
                 ; 0000 00D5 if (((PINB.4) || (PINB.3) || (PINB.1) || (PINB.0) || (PORTA.1 == 0 && isMovimento0 == 1) || (PORTA.0 == 0 && isMovimento0 == 1)) && (combustivel >= 10000)) {
                 _0x2A:
00017f 99b4      	SBIC 0x16,4
000180 c00f      	RJMP _0x34
000181 99b3      	SBIC 0x16,3
000182 c00d      	RJMP _0x34
000183 99b1      	SBIC 0x16,1
000184 c00b      	RJMP _0x34
000185 99b0      	SBIC 0x16,0
000186 c009      	RJMP _0x34
000187 99d9      	SBIC 0x1B,1
000188 c002      	RJMP _0x35
000189 d1a1      	RCALL SUBOPT_0x2
00018a f029      	BREQ _0x34
                 _0x35:
00018b 99d8      	SBIC 0x1B,0
00018c c002      	RJMP _0x37
00018d d19d      	RCALL SUBOPT_0x2
00018e f009      	BREQ _0x34
                 _0x37:
00018f c007      	RJMP _0x3A
                 _0x34:
000190 e0a0      	LDI  R26,LOW(_combustivel)
000191 e0b0      	LDI  R27,HIGH(_combustivel)
000192 d1e5      	RCALL __EEPROMRDW
000193 31e0      	CPI  R30,LOW(0x2710)
000194 e2a7      	LDI  R26,HIGH(0x2710)
000195 07fa      	CPC  R31,R26
000196 f40c      	BRGE _0x3B
                 _0x3A:
000197 c003      	RJMP _0x33
                 _0x3B:
                 ; 0000 00D6 printf("Seu combustível é de %d.\n", combustivel);
000198 d197      	RCALL SUBOPT_0x3
                 ; 0000 00D7 
                 ; 0000 00D8 isMovimento0 = 0;
000199 2466      	CLR  R6
00019a 2477      	CLR  R7
                 ; 0000 00D9 }
                 ; 0000 00DA 
                 ; 0000 00DB // CONSUMINDO COMBUSTIVEL AO USAR O LIMPADOR
                 ; 0000 00DC if (isConsumindoCombustivel) {
                 _0x33:
00019b 2c04      	MOV  R0,R4
00019c 2805      	OR   R0,R5
00019d f009      	BREQ _0x3C
                 ; 0000 00DD diminuiCombustivel();
00019e df0f      	RCALL _diminuiCombustivel
                 ; 0000 00DE }
                 ; 0000 00DF }
                 _0x3C:
00019f cfc2      	RJMP _0x27
                 ; 0000 00E0 }
                 _0x3D:
0001a0 cfff      	RJMP _0x3D
                 ; .FEND
                 	#ifndef __SLEEP_DEFINED__
                 	#endif
                 
                 	.CSEG
                 _putchar:
                 ; .FSTART _putchar
0001a1 93aa      	ST   -Y,R26
                 putchar0:
0001a2 9b5d           sbis usr,udre
0001a3 cffe           rjmp putchar0
0001a4 81e8           ld   r30,y
0001a5 b9ec           out  udr,r30
0001a6 9621      	ADIW R28,1
0001a7 9508      	RET
                 ; .FEND
                 _put_usart_G100:
                 ; .FSTART _put_usart_G100
0001a8 d1b6      	RCALL __SAVELOCR4
0001a9 018d      	MOVW R16,R26
0001aa 813c      	LDD  R19,Y+4
0001ab 2fa3      	MOV  R26,R19
0001ac dff4      	RCALL _putchar
0001ad 01d8      	MOVW R26,R16
0001ae 91ed      	LD   R30,X+
0001af 91fd      	LD   R31,X+
0001b0 9631      	ADIW R30,1
0001b1 93fe      	ST   -X,R31
0001b2 93ee      	ST   -X,R30
0001b3 d1b2      	RCALL __LOADLOCR4
0001b4 9625      	ADIW R28,5
0001b5 9508      	RET
                 ; .FEND
                 __print_G100:
                 ; .FSTART __print_G100
0001b6 93ba      	ST   -Y,R27
0001b7 93aa      	ST   -Y,R26
0001b8 9726      	SBIW R28,6
0001b9 d1a3      	RCALL __SAVELOCR6
0001ba e010      	LDI  R17,0
0001bb 85ac      	LDD  R26,Y+12
0001bc 85bd      	LDD  R27,Y+12+1
0001bd e0e0      	LDI  R30,LOW(0)
0001be e0f0      	LDI  R31,HIGH(0)
0001bf 93ed      	ST   X+,R30
0001c0 93fc      	ST   X,R31
                 _0x2000016:
0001c1 89ea      	LDD  R30,Y+18
0001c2 89fb      	LDD  R31,Y+18+1
0001c3 9631      	ADIW R30,1
0001c4 8bea      	STD  Y+18,R30
0001c5 8bfb      	STD  Y+18+1,R31
0001c6 9731      	SBIW R30,1
0001c7 91e4      	LPM  R30,Z
0001c8 2f2e      	MOV  R18,R30
0001c9 30e0      	CPI  R30,0
0001ca f409      	BRNE PC+2
0001cb c10b      	RJMP _0x2000018
0001cc 2fe1      	MOV  R30,R17
0001cd 30e0      	CPI  R30,0
0001ce f431      	BRNE _0x200001C
0001cf 3225      	CPI  R18,37
0001d0 f411      	BRNE _0x200001D
0001d1 e011      	LDI  R17,LOW(1)
0001d2 c001      	RJMP _0x200001E
                 _0x200001D:
0001d3 d16c      	RCALL SUBOPT_0x4
                 _0x200001E:
0001d4 c101      	RJMP _0x200001B
                 _0x200001C:
0001d5 30e1      	CPI  R30,LOW(0x1)
0001d6 f4a1      	BRNE _0x200001F
0001d7 3225      	CPI  R18,37
0001d8 f411      	BRNE _0x2000020
0001d9 d166      	RCALL SUBOPT_0x4
0001da c0fa      	RJMP _0x20000CC
                 _0x2000020:
0001db e012      	LDI  R17,LOW(2)
0001dc e040      	LDI  R20,LOW(0)
0001dd e000      	LDI  R16,LOW(0)
0001de 322d      	CPI  R18,45
0001df f411      	BRNE _0x2000021
0001e0 e001      	LDI  R16,LOW(1)
0001e1 c0f4      	RJMP _0x200001B
                 _0x2000021:
0001e2 322b      	CPI  R18,43
0001e3 f411      	BRNE _0x2000022
0001e4 e24b      	LDI  R20,LOW(43)
0001e5 c0f0      	RJMP _0x200001B
                 _0x2000022:
0001e6 3220      	CPI  R18,32
0001e7 f411      	BRNE _0x2000023
0001e8 e240      	LDI  R20,LOW(32)
0001e9 c0ec      	RJMP _0x200001B
                 _0x2000023:
0001ea c002      	RJMP _0x2000024
                 _0x200001F:
0001eb 30e2      	CPI  R30,LOW(0x2)
0001ec f439      	BRNE _0x2000025
                 _0x2000024:
0001ed e050      	LDI  R21,LOW(0)
0001ee e013      	LDI  R17,LOW(3)
0001ef 3320      	CPI  R18,48
0001f0 f411      	BRNE _0x2000026
0001f1 6800      	ORI  R16,LOW(128)
0001f2 c0e3      	RJMP _0x200001B
                 _0x2000026:
0001f3 c003      	RJMP _0x2000027
                 _0x2000025:
0001f4 30e3      	CPI  R30,LOW(0x3)
0001f5 f009      	BREQ PC+2
0001f6 c0df      	RJMP _0x200001B
                 _0x2000027:
0001f7 3320      	CPI  R18,48
0001f8 f010      	BRLO _0x200002A
0001f9 332a      	CPI  R18,58
0001fa f008      	BRLO _0x200002B
                 _0x200002A:
0001fb c007      	RJMP _0x2000029
                 _0x200002B:
0001fc e0aa      	LDI  R26,LOW(10)
0001fd 9f5a      	MUL  R21,R26
0001fe 2d50      	MOV  R21,R0
0001ff 2fe2      	MOV  R30,R18
000200 53e0      	SUBI R30,LOW(48)
000201 0f5e      	ADD  R21,R30
000202 c0d3      	RJMP _0x200001B
                 _0x2000029:
000203 2fe2      	MOV  R30,R18
000204 36e3      	CPI  R30,LOW(0x63)
000205 f439      	BRNE _0x200002F
000206 d140      	RCALL SUBOPT_0x5
000207 89e8      	LDD  R30,Y+16
000208 89f9      	LDD  R31,Y+16+1
000209 81a4      	LDD  R26,Z+4
00020a 93aa      	ST   -Y,R26
00020b d141      	RCALL SUBOPT_0x6
00020c c0c8      	RJMP _0x2000030
                 _0x200002F:
00020d 37e3      	CPI  R30,LOW(0x73)
00020e f429      	BRNE _0x2000032
00020f d137      	RCALL SUBOPT_0x5
000210 d142      	RCALL SUBOPT_0x7
000211 d0f3      	RCALL _strlen
000212 2f1e      	MOV  R17,R30
000213 c007      	RJMP _0x2000033
                 _0x2000032:
000214 37e0      	CPI  R30,LOW(0x70)
000215 f449      	BRNE _0x2000035
000216 d130      	RCALL SUBOPT_0x5
000217 d13b      	RCALL SUBOPT_0x7
000218 d0f8      	RCALL _strlenf
000219 2f1e      	MOV  R17,R30
00021a 6008      	ORI  R16,LOW(8)
                 _0x2000033:
00021b 6002      	ORI  R16,LOW(2)
00021c 770f      	ANDI R16,LOW(127)
00021d e030      	LDI  R19,LOW(0)
00021e c03a      	RJMP _0x2000036
                 _0x2000035:
00021f 36e4      	CPI  R30,LOW(0x64)
000220 f011      	BREQ _0x2000039
000221 36e9      	CPI  R30,LOW(0x69)
000222 f411      	BRNE _0x200003A
                 _0x2000039:
000223 6004      	ORI  R16,LOW(4)
000224 c002      	RJMP _0x200003B
                 _0x200003A:
000225 37e5      	CPI  R30,LOW(0x75)
000226 f431      	BRNE _0x200003C
                 _0x200003B:
000227 e5e4      	LDI  R30,LOW(_tbl10_G100*2)
000228 e0f0      	LDI  R31,HIGH(_tbl10_G100*2)
000229 83ee      	STD  Y+6,R30
00022a 83ff      	STD  Y+6+1,R31
00022b e015      	LDI  R17,LOW(5)
00022c c00c      	RJMP _0x200003D
                 _0x200003C:
00022d 35e8      	CPI  R30,LOW(0x58)
00022e f411      	BRNE _0x200003F
00022f 6008      	ORI  R16,LOW(8)
000230 c003      	RJMP _0x2000040
                 _0x200003F:
000231 37e8      	CPI  R30,LOW(0x78)
000232 f009      	BREQ PC+2
000233 c0a1      	RJMP _0x2000071
                 _0x2000040:
000234 e5ee      	LDI  R30,LOW(_tbl16_G100*2)
000235 e0f0      	LDI  R31,HIGH(_tbl16_G100*2)
000236 83ee      	STD  Y+6,R30
000237 83ff      	STD  Y+6+1,R31
000238 e014      	LDI  R17,LOW(4)
                 _0x200003D:
000239 ff02      	SBRS R16,2
00023a c015      	RJMP _0x2000042
00023b d10b      	RCALL SUBOPT_0x5
00023c 89a8      	LDD  R26,Y+16
00023d 89b9      	LDD  R27,Y+16+1
00023e 9614      	ADIW R26,4
00023f 91ed      	LD   R30,X+
000240 91fd      	LD   R31,X+
000241 87ea      	STD  Y+10,R30
000242 87fb      	STD  Y+10+1,R31
000243 85ab      	LDD  R26,Y+11
000244 23aa      	TST  R26
000245 f422      	BRPL _0x2000043
000246 d124      	RCALL __ANEGW1
000247 87ea      	STD  Y+10,R30
000248 87fb      	STD  Y+10+1,R31
000249 e24d      	LDI  R20,LOW(45)
                 _0x2000043:
00024a 3040      	CPI  R20,0
00024b f011      	BREQ _0x2000044
00024c 5f1f      	SUBI R17,-LOW(1)
00024d c001      	RJMP _0x2000045
                 _0x2000044:
00024e 7f0b      	ANDI R16,LOW(251)
                 _0x2000045:
00024f c009      	RJMP _0x2000046
                 _0x2000042:
000250 d0f6      	RCALL SUBOPT_0x5
000251 89a8      	LDD  R26,Y+16
000252 89b9      	LDD  R27,Y+16+1
000253 9614      	ADIW R26,4
                +
000254 91ed     +LD R30 , X +
000255 91fc     +LD R31 , X
000256 9711     +SBIW R26 , 1
                 	__GETW1P
000257 87ea      	STD  Y+10,R30
000258 87fb      	STD  Y+10+1,R31
                 _0x2000046:
                 _0x2000036:
000259 fd00      	SBRC R16,0
00025a c010      	RJMP _0x2000047
                 _0x2000048:
00025b 1715      	CP   R17,R21
00025c f470      	BRSH _0x200004A
00025d ff07      	SBRS R16,7
00025e c008      	RJMP _0x200004B
00025f ff02      	SBRS R16,2
000260 c004      	RJMP _0x200004C
000261 7f0b      	ANDI R16,LOW(251)
000262 2f24      	MOV  R18,R20
000263 5011      	SUBI R17,LOW(1)
000264 c001      	RJMP _0x200004D
                 _0x200004C:
000265 e320      	LDI  R18,LOW(48)
                 _0x200004D:
000266 c001      	RJMP _0x200004E
                 _0x200004B:
000267 e220      	LDI  R18,LOW(32)
                 _0x200004E:
000268 d0d7      	RCALL SUBOPT_0x4
000269 5051      	SUBI R21,LOW(1)
00026a cff0      	RJMP _0x2000048
                 _0x200004A:
                 _0x2000047:
00026b 2f31      	MOV  R19,R17
00026c ff01      	SBRS R16,1
00026d c016      	RJMP _0x200004F
                 _0x2000050:
00026e 3030      	CPI  R19,0
00026f f099      	BREQ _0x2000052
000270 ff03      	SBRS R16,3
000271 c006      	RJMP _0x2000053
000272 81ee      	LDD  R30,Y+6
000273 81ff      	LDD  R31,Y+6+1
000274 9125      	LPM  R18,Z+
000275 83ee      	STD  Y+6,R30
000276 83ff      	STD  Y+6+1,R31
000277 c005      	RJMP _0x2000054
                 _0x2000053:
000278 81ae      	LDD  R26,Y+6
000279 81bf      	LDD  R27,Y+6+1
00027a 912d      	LD   R18,X+
00027b 83ae      	STD  Y+6,R26
00027c 83bf      	STD  Y+6+1,R27
                 _0x2000054:
00027d d0c2      	RCALL SUBOPT_0x4
00027e 3050      	CPI  R21,0
00027f f009      	BREQ _0x2000055
000280 5051      	SUBI R21,LOW(1)
                 _0x2000055:
000281 5031      	SUBI R19,LOW(1)
000282 cfeb      	RJMP _0x2000050
                 _0x2000052:
000283 c048      	RJMP _0x2000056
                 _0x200004F:
                 _0x2000058:
000284 e320      	LDI  R18,LOW(48)
000285 81ee      	LDD  R30,Y+6
000286 81ff      	LDD  R31,Y+6+1
000287 d0e7      	RCALL __GETW1PF
000288 87e8      	STD  Y+8,R30
000289 87f9      	STD  Y+8+1,R31
00028a 81ee      	LDD  R30,Y+6
00028b 81ff      	LDD  R31,Y+6+1
00028c 9632      	ADIW R30,2
00028d 83ee      	STD  Y+6,R30
00028e 83ff      	STD  Y+6+1,R31
                 _0x200005A:
00028f 85e8      	LDD  R30,Y+8
000290 85f9      	LDD  R31,Y+8+1
000291 85aa      	LDD  R26,Y+10
000292 85bb      	LDD  R27,Y+10+1
000293 17ae      	CP   R26,R30
000294 07bf      	CPC  R27,R31
000295 f050      	BRLO _0x200005C
000296 5f2f      	SUBI R18,-LOW(1)
000297 85a8      	LDD  R26,Y+8
000298 85b9      	LDD  R27,Y+8+1
000299 85ea      	LDD  R30,Y+10
00029a 85fb      	LDD  R31,Y+10+1
00029b 1bea      	SUB  R30,R26
00029c 0bfb      	SBC  R31,R27
00029d 87ea      	STD  Y+10,R30
00029e 87fb      	STD  Y+10+1,R31
00029f cfef      	RJMP _0x200005A
                 _0x200005C:
0002a0 332a      	CPI  R18,58
0002a1 f028      	BRLO _0x200005D
0002a2 ff03      	SBRS R16,3
0002a3 c002      	RJMP _0x200005E
0002a4 5f29      	SUBI R18,-LOW(7)
0002a5 c001      	RJMP _0x200005F
                 _0x200005E:
0002a6 5d29      	SUBI R18,-LOW(39)
                 _0x200005F:
                 _0x200005D:
0002a7 fd04      	SBRC R16,4
0002a8 c019      	RJMP _0x2000061
0002a9 3321      	CPI  R18,49
0002aa f420      	BRSH _0x2000063
0002ab 85a8      	LDD  R26,Y+8
0002ac 85b9      	LDD  R27,Y+8+1
0002ad 9711      	SBIW R26,1
0002ae f409      	BRNE _0x2000062
                 _0x2000063:
0002af c009      	RJMP _0x20000CD
                 _0x2000062:
0002b0 1753      	CP   R21,R19
0002b1 f010      	BRLO _0x2000067
0002b2 ff00      	SBRS R16,0
0002b3 c001      	RJMP _0x2000068
                 _0x2000067:
0002b4 c011      	RJMP _0x2000066
                 _0x2000068:
0002b5 e220      	LDI  R18,LOW(32)
0002b6 ff07      	SBRS R16,7
0002b7 c00a      	RJMP _0x2000069
0002b8 e320      	LDI  R18,LOW(48)
                 _0x20000CD:
0002b9 6100      	ORI  R16,LOW(16)
0002ba ff02      	SBRS R16,2
0002bb c006      	RJMP _0x200006A
0002bc 7f0b      	ANDI R16,LOW(251)
0002bd 934a      	ST   -Y,R20
0002be d08e      	RCALL SUBOPT_0x6
0002bf 3050      	CPI  R21,0
0002c0 f009      	BREQ _0x200006B
0002c1 5051      	SUBI R21,LOW(1)
                 _0x200006B:
                 _0x200006A:
                 _0x2000069:
                 _0x2000061:
0002c2 d07d      	RCALL SUBOPT_0x4
0002c3 3050      	CPI  R21,0
0002c4 f009      	BREQ _0x200006C
0002c5 5051      	SUBI R21,LOW(1)
                 _0x200006C:
                 _0x2000066:
0002c6 5031      	SUBI R19,LOW(1)
0002c7 85a8      	LDD  R26,Y+8
0002c8 85b9      	LDD  R27,Y+8+1
0002c9 9712      	SBIW R26,2
0002ca f008      	BRLO _0x2000059
0002cb cfb8      	RJMP _0x2000058
                 _0x2000059:
                 _0x2000056:
0002cc ff00      	SBRS R16,0
0002cd c007      	RJMP _0x200006D
                 _0x200006E:
0002ce 3050      	CPI  R21,0
0002cf f029      	BREQ _0x2000070
0002d0 5051      	SUBI R21,LOW(1)
0002d1 e2e0      	LDI  R30,LOW(32)
0002d2 93ea      	ST   -Y,R30
0002d3 d079      	RCALL SUBOPT_0x6
0002d4 cff9      	RJMP _0x200006E
                 _0x2000070:
                 _0x200006D:
                 _0x2000071:
                 _0x2000030:
                 _0x20000CC:
0002d5 e010      	LDI  R17,LOW(0)
                 _0x200001B:
0002d6 ceea      	RJMP _0x2000016
                 _0x2000018:
0002d7 85ac      	LDD  R26,Y+12
0002d8 85bd      	LDD  R27,Y+12+1
0002d9 91ed      	LD   R30,X+
0002da 91fd      	LD   R31,X+
0002db d088      	RCALL __LOADLOCR6
0002dc 9664      	ADIW R28,20
0002dd 9508      	RET
                 ; .FEND
                 _printf:
                 ; .FSTART _printf
0002de 92ff      	PUSH R15
0002df 2ef8      	MOV  R15,R24
0002e0 9726      	SBIW R28,6
0002e1 931a      	ST   -Y,R17
0002e2 930a      	ST   -Y,R16
0002e3 01de      	MOVW R26,R28
0002e4 9614      	ADIW R26,4
                +
0002e5 2400     +CLR R0
0002e6 0daf     +ADD R26 , R15
0002e7 1db0     +ADC R27 , R0
                 	__ADDW2R15
0002e8 018d      	MOVW R16,R26
0002e9 e0e0      	LDI  R30,LOW(0)
0002ea 83ec      	STD  Y+4,R30
0002eb 83ed      	STD  Y+4+1,R30
0002ec 83ee      	STD  Y+6,R30
0002ed 83ef      	STD  Y+6+1,R30
0002ee 01de      	MOVW R26,R28
0002ef 9618      	ADIW R26,8
                +
0002f0 2400     +CLR R0
0002f1 0daf     +ADD R26 , R15
0002f2 1db0     +ADC R27 , R0
                 	__ADDW2R15
0002f3 91ed      	LD   R30,X+
0002f4 91fd      	LD   R31,X+
0002f5 93fa      	ST   -Y,R31
0002f6 93ea      	ST   -Y,R30
0002f7 931a      	ST   -Y,R17
0002f8 930a      	ST   -Y,R16
0002f9 eae8      	LDI  R30,LOW(_put_usart_G100)
0002fa e0f1      	LDI  R31,HIGH(_put_usart_G100)
0002fb 93fa      	ST   -Y,R31
0002fc 93ea      	ST   -Y,R30
0002fd 01de      	MOVW R26,R28
0002fe 9618      	ADIW R26,8
0002ff deb6      	RCALL __print_G100
000300 8119      	LDD  R17,Y+1
000301 8108      	LDD  R16,Y+0
000302 9628      	ADIW R28,8
000303 90ff      	POP  R15
000304 9508      	RET
                 ; .FEND
                 
                 	.CSEG
                 
                 	.CSEG
                 _strlen:
                 ; .FSTART _strlen
000305 93ba      	ST   -Y,R27
000306 93aa      	ST   -Y,R26
000307 91a9          ld   r26,y+
000308 91b9          ld   r27,y+
000309 27ee          clr  r30
00030a 27ff          clr  r31
                 strlen0:
00030b 916d          ld   r22,x+
00030c 2366          tst  r22
00030d f011          breq strlen1
00030e 9631          adiw r30,1
00030f cffb          rjmp strlen0
                 strlen1:
000310 9508          ret
                 ; .FEND
                 _strlenf:
                 ; .FSTART _strlenf
000311 93ba      	ST   -Y,R27
000312 93aa      	ST   -Y,R26
000313 27aa          clr  r26
000314 27bb          clr  r27
000315 91e9          ld   r30,y+
000316 91f9          ld   r31,y+
                 strlenf0:
000317 9005      	lpm  r0,z+
000318 2000          tst  r0
000319 f011          breq strlenf1
00031a 9611          adiw r26,1
00031b cffb          rjmp strlenf0
                 strlenf1:
00031c 01fd          movw r30,r26
00031d 9508          ret
                 ; .FEND
                 
                 	.ESEG
                 _combustivel:
000000 60
000001 6d        	.DB  0x60,0x6D
                 
                 	.CSEG
                 ;OPTIMIZER ADDED SUBROUTINE, CALLED 2 TIMES, CODE SIZE REDUCTION:2 WORDS
                 SUBOPT_0x0:
00031e 93fa      	ST   -Y,R31
00031f 93ea      	ST   -Y,R30
000320 e080      	LDI  R24,0
000321 dfbc      	RCALL _printf
000322 9622      	ADIW R28,2
000323 9508      	RET
                 
                 ;OPTIMIZER ADDED SUBROUTINE, CALLED 2 TIMES, CODE SIZE REDUCTION:3 WORDS
                 SUBOPT_0x1:
000324 e1ef      	LDI  R30,LOW(31)
000325 bded      	OUT  0x2D,R30
000326 e0e0      	LDI  R30,LOW(0)
000327 bdec      	OUT  0x2C,R30
000328 2466      	CLR  R6
000329 2477      	CLR  R7
00032a 9508      	RET
                 
                 ;OPTIMIZER ADDED SUBROUTINE, CALLED 4 TIMES, CODE SIZE REDUCTION:7 WORDS
                 SUBOPT_0x2:
00032b e0e1      	LDI  R30,LOW(1)
00032c e0f0      	LDI  R31,HIGH(1)
00032d 15e6      	CP   R30,R6
00032e 05f7      	CPC  R31,R7
00032f 9508      	RET
                 
                 ;OPTIMIZER ADDED SUBROUTINE, CALLED 2 TIMES, CODE SIZE REDUCTION:12 WORDS
                 SUBOPT_0x3:
                +
000330 eee0     +LDI R30 , LOW ( 2 * _0x0 + ( 118 ) )
000331 e0f0     +LDI R31 , HIGH ( 2 * _0x0 + ( 118 ) )
                 	__POINTW1FN _0x0,118
000332 93fa      	ST   -Y,R31
000333 93ea      	ST   -Y,R30
000334 e0a0      	LDI  R26,LOW(_combustivel)
000335 e0b0      	LDI  R27,HIGH(_combustivel)
000336 d041      	RCALL __EEPROMRDW
                +
000337 2f6f     +MOV R22 , R31
000338 0f66     +ADD R22 , R22
000339 0b66     +SBC R22 , R22
00033a 2f76     +MOV R23 , R22
                 	__CWD1
00033b d037      	RCALL __PUTPARD1
00033c e084      	LDI  R24,4
00033d dfa0      	RCALL _printf
00033e 9626      	ADIW R28,6
00033f 9508      	RET
                 
                 ;OPTIMIZER ADDED SUBROUTINE, CALLED 5 TIMES, CODE SIZE REDUCTION:18 WORDS
                 SUBOPT_0x4:
000340 932a      	ST   -Y,R18
000341 85ad      	LDD  R26,Y+13
000342 85be      	LDD  R27,Y+13+1
000343 85ef      	LDD  R30,Y+15
000344 89f8      	LDD  R31,Y+15+1
000345 9509      	ICALL
000346 9508      	RET
                 
                 ;OPTIMIZER ADDED SUBROUTINE, CALLED 5 TIMES, CODE SIZE REDUCTION:14 WORDS
                 SUBOPT_0x5:
000347 89e8      	LDD  R30,Y+16
000348 89f9      	LDD  R31,Y+16+1
000349 9734      	SBIW R30,4
00034a 8be8      	STD  Y+16,R30
00034b 8bf9      	STD  Y+16+1,R31
00034c 9508      	RET
                 
                 ;OPTIMIZER ADDED SUBROUTINE, CALLED 3 TIMES, CODE SIZE REDUCTION:6 WORDS
                 SUBOPT_0x6:
00034d 85ad      	LDD  R26,Y+13
00034e 85be      	LDD  R27,Y+13+1
00034f 85ef      	LDD  R30,Y+15
000350 89f8      	LDD  R31,Y+15+1
000351 9509      	ICALL
000352 9508      	RET
                 
                 ;OPTIMIZER ADDED SUBROUTINE, CALLED 2 TIMES, CODE SIZE REDUCTION:6 WORDS
                 SUBOPT_0x7:
000353 89a8      	LDD  R26,Y+16
000354 89b9      	LDD  R27,Y+16+1
000355 9614      	ADIW R26,4
000356 91ed      	LD   R30,X+
000357 91fd      	LD   R31,X+
000358 83ee      	STD  Y+6,R30
000359 83ff      	STD  Y+6+1,R31
00035a 81ae      	LDD  R26,Y+6
00035b 81bf      	LDD  R27,Y+6+1
00035c 9508      	RET
                 
                 ;RUNTIME LIBRARY
                 
                 	.CSEG
                 __SAVELOCR6:
00035d 935a      	ST   -Y,R21
                 __SAVELOCR5:
00035e 934a      	ST   -Y,R20
                 __SAVELOCR4:
00035f 933a      	ST   -Y,R19
                 __SAVELOCR3:
000360 932a      	ST   -Y,R18
                 __SAVELOCR2:
000361 931a      	ST   -Y,R17
000362 930a      	ST   -Y,R16
000363 9508      	RET
                 
                 __LOADLOCR6:
000364 815d      	LDD  R21,Y+5
                 __LOADLOCR5:
000365 814c      	LDD  R20,Y+4
                 __LOADLOCR4:
000366 813b      	LDD  R19,Y+3
                 __LOADLOCR3:
000367 812a      	LDD  R18,Y+2
                 __LOADLOCR2:
000368 8119      	LDD  R17,Y+1
000369 8108      	LD   R16,Y
00036a 9508      	RET
                 
                 __ANEGW1:
00036b 95f1      	NEG  R31
00036c 95e1      	NEG  R30
00036d 40f0      	SBCI R31,0
00036e 9508      	RET
                 
                 __GETW1PF:
00036f 9005      	LPM  R0,Z+
000370 91f4      	LPM  R31,Z
000371 2de0      	MOV  R30,R0
000372 9508      	RET
                 
                 __PUTPARD1:
000373 937a      	ST   -Y,R23
000374 936a      	ST   -Y,R22
000375 93fa      	ST   -Y,R31
000376 93ea      	ST   -Y,R30
000377 9508      	RET
                 
                 __EEPROMRDW:
000378 9611      	ADIW R26,1
000379 d002      	RCALL __EEPROMRDB
00037a 2ffe      	MOV  R31,R30
00037b 9711      	SBIW R26,1
                 
                 __EEPROMRDB:
00037c 99e1      	SBIC EECR,EEWE
00037d cffe      	RJMP __EEPROMRDB
00037e 93ff      	PUSH R31
00037f b7ff      	IN   R31,SREG
000380 94f8      	CLI
000381 bbae      	OUT  EEARL,R26
000382 bbbf      	OUT  EEARH,R27
000383 9ae0      	SBI  EECR,EERE
000384 b3ed      	IN   R30,EEDR
000385 bfff      	OUT  SREG,R31
000386 91ff      	POP  R31
000387 9508      	RET
                 
                 __EEPROMWRW:
000388 d007      	RCALL __EEPROMWRB
000389 9611      	ADIW R26,1
00038a 93ef      	PUSH R30
00038b 2fef      	MOV  R30,R31
00038c d003      	RCALL __EEPROMWRB
00038d 91ef      	POP  R30
00038e 9711      	SBIW R26,1
00038f 9508      	RET
                 
                 __EEPROMWRB:
000390 9be1      	SBIS EECR,EEWE
000391 c002      	RJMP __EEPROMWRB1
000392 95a8      	WDR
000393 cffc      	RJMP __EEPROMWRB
                 __EEPROMWRB1:
000394 b79f      	IN   R25,SREG
000395 94f8      	CLI
000396 bbae      	OUT  EEARL,R26
000397 bbbf      	OUT  EEARH,R27
000398 9ae0      	SBI  EECR,EERE
000399 b38d      	IN   R24,EEDR
00039a 17e8      	CP   R30,R24
00039b f019      	BREQ __EEPROMWRB0
00039c bbed      	OUT  EEDR,R30
00039d 9ae2      	SBI  EECR,EEMWE
00039e 9ae1      	SBI  EECR,EEWE
                 __EEPROMWRB0:
00039f bf9f      	OUT  SREG,R25
0003a0 9508      	RET
                 
                 ;END OF CODE MARKER
                 __END_OF_CODE:


RESOURCE USE INFORMATION
------------------------

Notice:
The register and instruction counts are symbol table hit counts,
and hence implicitly used resources are not counted, eg, the
'lpm' instruction without operands implicitly uses r0 and z,
none of which are counted.

x,y,z are separate entities in the symbol table and are
counted separately from r26..r31 here.

.dseg memory usage only counts static data declared with .byte

ATmega32 register use summary:
r0 :  18 r1 :   1 r2 :   0 r3 :   0 r4 :   8 r5 :   2 r6 :   5 r7 :   3 
r8 :   0 r9 :   0 r10:   0 r11:   0 r12:   0 r13:   0 r14:   0 r15:   5 
r16:  32 r17:  19 r18:  27 r19:  10 r20:   9 r21:  17 r22:  11 r23:   2 
r24:  12 r25:   4 r26:  68 r27:  34 r28:  12 r29:   1 r30: 194 r31:  79 
x  :  21 y  : 136 z  :  13 
Registers used: 26 out of 35 (74.3%)

ATmega32 instruction use summary:
.lds  :   0 .lds.l:   0 .sts  :   0 .sts.l:   0 adc   :   2 add   :   4 
adiw  :  19 and   :   0 andi  :   4 asr   :   0 bclr  :   0 bld   :   0 
brbc  :   0 brbs  :   0 brcc  :   0 brcs  :   0 break :   0 breq  :  18 
brge  :   2 brhc  :   0 brhs  :   0 brid  :   0 brie  :   0 brlo  :   6 
brlt  :   1 brmi  :   0 brne  :  20 brpl  :   1 brsh  :   2 brtc  :   0 
brts  :   0 brvc  :   0 brvs  :   0 bset  :   0 bst   :   0 call  :   0 
cbi   :   8 cbr   :   0 clc   :   0 clh   :   0 cli   :   3 cln   :   0 
clr   :  15 cls   :   0 clt   :   0 clv   :   0 clz   :   0 com   :   0 
cp    :   6 cpc   :   5 cpi   :  31 cpse  :   0 dec   :   1 des   :   0 
eor   :   0 fmul  :   0 fmuls :   0 fmulsu:   0 icall :   2 ijmp  :   0 
in    :   6 inc   :   0 jmp   :  22 ld    :  25 ldd   :  56 ldi   : 103 
lds   :   0 lpm   :  14 lsl   :   0 lsr   :   0 mov   :  17 movw  :  18 
mul   :   1 muls  :   0 mulsu :   0 neg   :   2 nop   :   0 or    :   1 
ori   :   7 out   :  52 pop   :   3 push  :   3 rcall :  49 ret   :  23 
reti  :   2 rjmp  : 100 rol   :   0 ror   :   0 sbc   :   2 sbci  :   2 
sbi   :  12 sbic  :  15 sbis  :  16 sbiw  :  12 sbr   :   0 sbrc  :   2 
sbrs  :  10 sec   :   0 seh   :   0 sei   :   1 sen   :   0 ser   :   0 
ses   :   0 set   :   0 sev   :   0 sez   :   0 sleep :   0 spm   :   0 
st    :  47 std   :  30 sts   :   0 sub   :   1 subi  :  14 swap  :   0 
tst   :   3 wdr   :   1 
Instructions used: 53 out of 116 (45.7%)

ATmega32 memory use summary [bytes]:
Segment   Begin    End      Code   Data   Used    Size   Use%
---------------------------------------------------------------
[.cseg] 0x000000 0x000742   1684    174   1858   32768   5.7%
[.dseg] 0x000060 0x000260      0      0      0    2048   0.0%
[.eseg] 0x000000 0x000002      0      2      2    1024   0.2%

Assembly complete, 0 errors, 4 warnings
